C:/Users/jimmy/Downloads/warehouse_proj/Core/Src/uart_control.c:49:6:menu_main	784	static
C:/Users/jimmy/Downloads/warehouse_proj/Core/Src/uart_control.c:80:6:menu_imu	8	static
C:/Users/jimmy/Downloads/warehouse_proj/Core/Src/uart_control.c:91:6:menu_motor	8	static
C:/Users/jimmy/Downloads/warehouse_proj/Core/Src/uart_control.c:108:6:menu_combined	8	static
C:/Users/jimmy/Downloads/warehouse_proj/Core/Src/uart_control.c:124:6:menu_speaker	8	static
C:/Users/jimmy/Downloads/warehouse_proj/Core/Src/uart_control.c:135:6:menu_stepper	8	static
C:/Users/jimmy/Downloads/warehouse_proj/Core/Src/uart_control.c:149:6:menu_normalized	8	static
C:/Users/jimmy/Downloads/warehouse_proj/Core/Src/uart_control.c:157:6:menu_autonomous	8	static
C:/Users/jimmy/Downloads/warehouse_proj/Core/Src/uart_control.c:167:6:menu_servo	8	static
C:/Users/jimmy/Downloads/warehouse_proj/Core/Src/uart_control.c:179:6:menu_voltage	8	static
C:/Users/jimmy/Downloads/warehouse_proj/Core/Src/uart_control.c:186:6:menu_both	8	static
C:/Users/jimmy/Downloads/warehouse_proj/Core/Src/uart_control.c:199:6:menu_uart	8	static
C:/Users/jimmy/Downloads/warehouse_proj/Core/Src/uart_control.c:218:13:UART_SendMessage	16	static
C:/Users/jimmy/Downloads/warehouse_proj/Core/Src/uart_control.c:226:6:UART_CONTROL_init	8	static
C:/Users/jimmy/Downloads/warehouse_proj/Core/Src/uart_control.c:233:6:UART_CONTROL_update	696	static
C:/Users/jimmy/Downloads/warehouse_proj/Core/Src/uart_control.c:1091:6:UART_CONTROL_check_timeout	8	static
C:/Users/jimmy/Downloads/warehouse_proj/Core/Src/uart_control.c:1103:18:UART_CONTROL_GetMode	4	static
C:/Users/jimmy/Downloads/warehouse_proj/Core/Src/uart_control.c:1110:6:DWT_Init	4	static
C:/Users/jimmy/Downloads/warehouse_proj/Core/Src/uart_control.c:1120:10:DWT_GetMicros	4	static
C:/Users/jimmy/Downloads/warehouse_proj/Core/Src/uart_control.c:1135:6:Telemetry_Loop_Start	24	static
C:/Users/jimmy/Downloads/warehouse_proj/Core/Src/uart_control.c:1156:6:Telemetry_Loop_End	40	static
C:/Users/jimmy/Downloads/warehouse_proj/Core/Src/uart_control.c:1182:6:UART_Send_Telemetry	40	static
