C:/Users/jimmy/Downloads/warehouse_proj/Core/Src/uart_control.c:45:6:menu_main	784	static
C:/Users/jimmy/Downloads/warehouse_proj/Core/Src/uart_control.c:76:6:menu_imu	8	static
C:/Users/jimmy/Downloads/warehouse_proj/Core/Src/uart_control.c:87:6:menu_motor	8	static
C:/Users/jimmy/Downloads/warehouse_proj/Core/Src/uart_control.c:104:6:menu_combined	8	static
C:/Users/jimmy/Downloads/warehouse_proj/Core/Src/uart_control.c:120:6:menu_speaker	8	static
C:/Users/jimmy/Downloads/warehouse_proj/Core/Src/uart_control.c:131:6:menu_stepper	8	static
C:/Users/jimmy/Downloads/warehouse_proj/Core/Src/uart_control.c:145:6:menu_normalized	8	static
C:/Users/jimmy/Downloads/warehouse_proj/Core/Src/uart_control.c:153:6:menu_autonomous	8	static
C:/Users/jimmy/Downloads/warehouse_proj/Core/Src/uart_control.c:163:6:menu_servo	8	static
C:/Users/jimmy/Downloads/warehouse_proj/Core/Src/uart_control.c:175:6:menu_voltage	8	static
C:/Users/jimmy/Downloads/warehouse_proj/Core/Src/uart_control.c:182:6:menu_both	8	static
C:/Users/jimmy/Downloads/warehouse_proj/Core/Src/uart_control.c:195:6:menu_uart	8	static
C:/Users/jimmy/Downloads/warehouse_proj/Core/Src/uart_control.c:214:13:UART_SendMessage	16	static
C:/Users/jimmy/Downloads/warehouse_proj/Core/Src/uart_control.c:222:6:UART_CONTROL_init	8	static
C:/Users/jimmy/Downloads/warehouse_proj/Core/Src/uart_control.c:229:6:UART_CONTROL_update	656	static
C:/Users/jimmy/Downloads/warehouse_proj/Core/Src/uart_control.c:961:6:UART_CONTROL_check_timeout	8	static
C:/Users/jimmy/Downloads/warehouse_proj/Core/Src/uart_control.c:973:18:UART_CONTROL_GetMode	4	static
C:/Users/jimmy/Downloads/warehouse_proj/Core/Src/uart_control.c:980:6:DWT_Init	4	static
C:/Users/jimmy/Downloads/warehouse_proj/Core/Src/uart_control.c:990:10:DWT_GetMicros	4	static
C:/Users/jimmy/Downloads/warehouse_proj/Core/Src/uart_control.c:1005:6:Telemetry_Loop_Start	24	static
C:/Users/jimmy/Downloads/warehouse_proj/Core/Src/uart_control.c:1026:6:Telemetry_Loop_End	40	static
C:/Users/jimmy/Downloads/warehouse_proj/Core/Src/uart_control.c:1052:6:UART_Send_Telemetry	40	static
