Archive member included to satisfy reference by file (symbol)

C:/tools/gcc-arm-none-eabi/arm-gnu-toolchain-13.2.Rel1-mingw-w64-i686-arm-none-eabi/bin/../lib/gcc/arm-none-eabi/13.2.1/thumb/v7e-m+fp/hard\libgcc.a(_aeabi_uldivmod.o)
                              cmake/stm32cubemx/CMakeFiles/STM32_Drivers.dir/__/__/Drivers/STM32G4xx_HAL_Driver/Src/stm32g4xx_hal_uart.c.obj (__aeabi_uldivmod)
C:/tools/gcc-arm-none-eabi/arm-gnu-toolchain-13.2.Rel1-mingw-w64-i686-arm-none-eabi/bin/../lib/gcc/arm-none-eabi/13.2.1/thumb/v7e-m+fp/hard\libgcc.a(_udivmoddi4.o)
                              C:/tools/gcc-arm-none-eabi/arm-gnu-toolchain-13.2.Rel1-mingw-w64-i686-arm-none-eabi/bin/../lib/gcc/arm-none-eabi/13.2.1/thumb/v7e-m+fp/hard\libgcc.a(_aeabi_uldivmod.o) (__udivmoddi4)
C:/tools/gcc-arm-none-eabi/arm-gnu-toolchain-13.2.Rel1-mingw-w64-i686-arm-none-eabi/bin/../lib/gcc/arm-none-eabi/13.2.1/thumb/v7e-m+fp/hard\libgcc.a(_dvmd_tls.o)
                              C:/tools/gcc-arm-none-eabi/arm-gnu-toolchain-13.2.Rel1-mingw-w64-i686-arm-none-eabi/bin/../lib/gcc/arm-none-eabi/13.2.1/thumb/v7e-m+fp/hard\libgcc.a(_aeabi_uldivmod.o) (__aeabi_ldiv0)
C:/tools/gcc-arm-none-eabi/arm-gnu-toolchain-13.2.Rel1-mingw-w64-i686-arm-none-eabi/bin/../lib/gcc/arm-none-eabi/13.2.1/thumb/v7e-m+fp/hard\libg_nano.a(libc_a-exit.o)
                              C:/tools/gcc-arm-none-eabi/arm-gnu-toolchain-13.2.Rel1-mingw-w64-i686-arm-none-eabi/bin/../lib/gcc/arm-none-eabi/13.2.1/thumb/v7e-m+fp/hard/crt0.o (exit)
C:/tools/gcc-arm-none-eabi/arm-gnu-toolchain-13.2.Rel1-mingw-w64-i686-arm-none-eabi/bin/../lib/gcc/arm-none-eabi/13.2.1/thumb/v7e-m+fp/hard\libg_nano.a(libc_a-findfp.o)
                              C:/tools/gcc-arm-none-eabi/arm-gnu-toolchain-13.2.Rel1-mingw-w64-i686-arm-none-eabi/bin/../lib/gcc/arm-none-eabi/13.2.1/thumb/v7e-m+fp/hard\libg_nano.a(libc_a-exit.o) (__stdio_exit_handler)
C:/tools/gcc-arm-none-eabi/arm-gnu-toolchain-13.2.Rel1-mingw-w64-i686-arm-none-eabi/bin/../lib/gcc/arm-none-eabi/13.2.1/thumb/v7e-m+fp/hard\libg_nano.a(libc_a-fwalk.o)
                              C:/tools/gcc-arm-none-eabi/arm-gnu-toolchain-13.2.Rel1-mingw-w64-i686-arm-none-eabi/bin/../lib/gcc/arm-none-eabi/13.2.1/thumb/v7e-m+fp/hard\libg_nano.a(libc_a-findfp.o) (_fwalk_sglue)
C:/tools/gcc-arm-none-eabi/arm-gnu-toolchain-13.2.Rel1-mingw-w64-i686-arm-none-eabi/bin/../lib/gcc/arm-none-eabi/13.2.1/thumb/v7e-m+fp/hard\libg_nano.a(libc_a-snprintf.o)
                              CMakeFiles/warehouse_proj.dir/Core/Src/uart_control.c.obj (snprintf)
C:/tools/gcc-arm-none-eabi/arm-gnu-toolchain-13.2.Rel1-mingw-w64-i686-arm-none-eabi/bin/../lib/gcc/arm-none-eabi/13.2.1/thumb/v7e-m+fp/hard\libg_nano.a(libc_a-stdio.o)
                              C:/tools/gcc-arm-none-eabi/arm-gnu-toolchain-13.2.Rel1-mingw-w64-i686-arm-none-eabi/bin/../lib/gcc/arm-none-eabi/13.2.1/thumb/v7e-m+fp/hard\libg_nano.a(libc_a-findfp.o) (__sread)
C:/tools/gcc-arm-none-eabi/arm-gnu-toolchain-13.2.Rel1-mingw-w64-i686-arm-none-eabi/bin/../lib/gcc/arm-none-eabi/13.2.1/thumb/v7e-m+fp/hard\libg_nano.a(libc_a-memset.o)
                              C:/tools/gcc-arm-none-eabi/arm-gnu-toolchain-13.2.Rel1-mingw-w64-i686-arm-none-eabi/bin/../lib/gcc/arm-none-eabi/13.2.1/thumb/v7e-m+fp/hard/crt0.o (memset)
C:/tools/gcc-arm-none-eabi/arm-gnu-toolchain-13.2.Rel1-mingw-w64-i686-arm-none-eabi/bin/../lib/gcc/arm-none-eabi/13.2.1/thumb/v7e-m+fp/hard\libg_nano.a(libc_a-closer.o)
                              C:/tools/gcc-arm-none-eabi/arm-gnu-toolchain-13.2.Rel1-mingw-w64-i686-arm-none-eabi/bin/../lib/gcc/arm-none-eabi/13.2.1/thumb/v7e-m+fp/hard\libg_nano.a(libc_a-stdio.o) (_close_r)
C:/tools/gcc-arm-none-eabi/arm-gnu-toolchain-13.2.Rel1-mingw-w64-i686-arm-none-eabi/bin/../lib/gcc/arm-none-eabi/13.2.1/thumb/v7e-m+fp/hard\libg_nano.a(libc_a-reent.o)
                              C:/tools/gcc-arm-none-eabi/arm-gnu-toolchain-13.2.Rel1-mingw-w64-i686-arm-none-eabi/bin/../lib/gcc/arm-none-eabi/13.2.1/thumb/v7e-m+fp/hard\libg_nano.a(libc_a-closer.o) (errno)
C:/tools/gcc-arm-none-eabi/arm-gnu-toolchain-13.2.Rel1-mingw-w64-i686-arm-none-eabi/bin/../lib/gcc/arm-none-eabi/13.2.1/thumb/v7e-m+fp/hard\libg_nano.a(libc_a-impure.o)
                              C:/tools/gcc-arm-none-eabi/arm-gnu-toolchain-13.2.Rel1-mingw-w64-i686-arm-none-eabi/bin/../lib/gcc/arm-none-eabi/13.2.1/thumb/v7e-m+fp/hard\libg_nano.a(libc_a-snprintf.o) (_impure_ptr)
C:/tools/gcc-arm-none-eabi/arm-gnu-toolchain-13.2.Rel1-mingw-w64-i686-arm-none-eabi/bin/../lib/gcc/arm-none-eabi/13.2.1/thumb/v7e-m+fp/hard\libg_nano.a(libc_a-lseekr.o)
                              C:/tools/gcc-arm-none-eabi/arm-gnu-toolchain-13.2.Rel1-mingw-w64-i686-arm-none-eabi/bin/../lib/gcc/arm-none-eabi/13.2.1/thumb/v7e-m+fp/hard\libg_nano.a(libc_a-stdio.o) (_lseek_r)
C:/tools/gcc-arm-none-eabi/arm-gnu-toolchain-13.2.Rel1-mingw-w64-i686-arm-none-eabi/bin/../lib/gcc/arm-none-eabi/13.2.1/thumb/v7e-m+fp/hard\libg_nano.a(libc_a-readr.o)
[...]
Memory Configuration

Name             Origin             Length             Attributes
RAM              0x20000000         0x00008000         xrw
FLASH            0x08000000         0x00020000         xr
*default*        0x00000000         0xffffffff

Linker script and memory map

LOAD C:/tools/gcc-arm-none-eabi/arm-gnu-toolchain-13.2.Rel1-mingw-w64-i686-arm-none-eabi/bin/../lib/gcc/arm-none-eabi/13.2.1/thumb/v7e-m+fp/hard/crti.o
LOAD C:/tools/gcc-arm-none-eabi/arm-gnu-toolchain-13.2.Rel1-mingw-w64-i686-arm-none-eabi/bin/../lib/gcc/arm-none-eabi/13.2.1/thumb/v7e-m+fp/hard/crtbegin.o
LOAD C:/tools/gcc-arm-none-eabi/arm-gnu-toolchain-13.2.Rel1-mingw-w64-i686-arm-none-eabi/bin/../lib/gcc/arm-none-eabi/13.2.1/thumb/v7e-m+fp/hard/crt0.o
LOAD cmake/stm32cubemx/CMakeFiles/STM32_Drivers.dir/__/__/Core/Src/system_stm32g4xx.c.obj
LOAD cmake/stm32cubemx/CMakeFiles/STM32_Drivers.dir/__/__/Drivers/STM32G4xx_HAL_Driver/Src/stm32g4xx_hal.c.obj
LOAD cmake/stm32cubemx/CMakeFiles/STM32_Drivers.dir/__/__/Drivers/STM32G4xx_HAL_Driver/Src/stm32g4xx_hal_rcc.c.obj
LOAD cmake/stm32cubemx/CMakeFiles/STM32_Drivers.dir/__/__/Drivers/STM32G4xx_HAL_Driver/Src/stm32g4xx_hal_rcc_ex.c.obj
LOAD cmake/stm32cubemx/CMakeFiles/STM32_Drivers.dir/__/__/Drivers/STM32G4xx_HAL_Driver/Src/stm32g4xx_hal_flash.c.obj
LOAD cmake/stm32cubemx/CMakeFiles/STM32_Drivers.dir/__/__/Drivers/STM32G4xx_HAL_Driver/Src/stm32g4xx_hal_flash_ex.c.obj
LOAD cmake/stm32cubemx/CMakeFiles/STM32_Drivers.dir/__/__/Drivers/STM32G4xx_HAL_Driver/Src/stm32g4xx_hal_flash_ramfunc.c.obj
LOAD cmake/stm32cubemx/CMakeFiles/STM32_Drivers.dir/__/__/Drivers/STM32G4xx_HAL_Driver/Src/stm32g4xx_hal_gpio.c.obj
LOAD cmake/stm32cubemx/CMakeFiles/STM32_Drivers.dir/__/__/Drivers/STM32G4xx_HAL_Driver/Src/stm32g4xx_hal_exti.c.obj
LOAD cmake/stm32cubemx/CMakeFiles/STM32_Drivers.dir/__/__/Drivers/STM32G4xx_HAL_Driver/Src/stm32g4xx_hal_dma.c.obj
LOAD cmake/stm32cubemx/CMakeFiles/STM32_Drivers.dir/__/__/Drivers/STM32G4xx_HAL_Driver/Src/stm32g4xx_hal_dma_ex.c.obj
LOAD cmake/stm32cubemx/CMakeFiles/STM32_Drivers.dir/__/__/Drivers/STM32G4xx_HAL_Driver/Src/stm32g4xx_hal_pwr.c.obj
LOAD cmake/stm32cubemx/CMakeFiles/STM32_Drivers.dir/__/__/Drivers/STM32G4xx_HAL_Driver/Src/stm32g4xx_hal_pwr_ex.c.obj
LOAD cmake/stm32cubemx/CMakeFiles/STM32_Drivers.dir/__/__/Drivers/STM32G4xx_HAL_Driver/Src/stm32g4xx_hal_cortex.c.obj
LOAD cmake/stm32cubemx/CMakeFiles/STM32_Drivers.dir/__/__/Drivers/STM32G4xx_HAL_Driver/Src/stm32g4xx_hal_spi.c.obj
LOAD cmake/stm32cubemx/CMakeFiles/STM32_Drivers.dir/__/__/Drivers/STM32G4xx_HAL_Driver/Src/stm32g4xx_hal_spi_ex.c.obj
LOAD cmake/stm32cubemx/CMakeFiles/STM32_Drivers.dir/__/__/Drivers/STM32G4xx_HAL_Driver/Src/stm32g4xx_hal_tim.c.obj
LOAD cmake/stm32cubemx/CMakeFiles/STM32_Drivers.dir/__/__/Drivers/STM32G4xx_HAL_Driver/Src/stm32g4xx_hal_tim_ex.c.obj
LOAD cmake/stm32cubemx/CMakeFiles/STM32_Drivers.dir/__/__/Drivers/STM32G4xx_HAL_Driver/Src/stm32g4xx_hal_uart.c.obj
LOAD cmake/stm32cubemx/CMakeFiles/STM32_Drivers.dir/__/__/Drivers/STM32G4xx_HAL_Driver/Src/stm32g4xx_hal_uart_ex.c.obj
LOAD cmake/stm32cubemx/CMakeFiles/STM32_Drivers.dir/__/__/Drivers/STM32G4xx_HAL_Driver/Src/stm32g4xx_hal_usart.c.obj
LOAD cmake/stm32cubemx/CMakeFiles/STM32_Drivers.dir/__/__/Drivers/STM32G4xx_HAL_Driver/Src/stm32g4xx_hal_usart_ex.c.obj
LOAD cmake/stm32cubemx/CMakeFiles/STM32_Drivers.dir/__/__/Drivers/BSP/STM32G4xx_Nucleo/stm32g4xx_nucleo.c.obj
LOAD CMakeFiles/warehouse_proj.dir/Core/Src/main.c.obj
LOAD CMakeFiles/warehouse_proj.dir/Core/Src/stm32g4xx_it.c.obj
LOAD CMakeFiles/warehouse_proj.dir/Core/Src/stm32g4xx_hal_msp.c.obj
LOAD CMakeFiles/warehouse_proj.dir/Core/Src/sysmem.c.obj
LOAD CMakeFiles/warehouse_proj.dir/Core/Src/syscalls.c.obj
LOAD CMakeFiles/warehouse_proj.dir/startup_stm32g431xx.s.obj
LOAD CMakeFiles/warehouse_proj.dir/Core/Src/MCP3208.c.obj
LOAD CMakeFiles/warehouse_proj.dir/Core/Src/uart_control.c.obj
LOAD CMakeFiles/warehouse_proj.dir/Core/Src/robot.c.obj
LOAD CMakeFiles/warehouse_proj.dir/Core/Src/motor.c.obj
LOAD CMakeFiles/warehouse_proj.dir/Core/Src/encoder.c.obj
LOAD CMakeFiles/warehouse_proj.dir/Core/Src/line_following.c.obj
LOAD CMakeFiles/warehouse_proj.dir/Core/Src/servo.c.obj
LOAD CMakeFiles/warehouse_proj.dir/Core/Src/stepper.c.obj
LOAD CMakeFiles/warehouse_proj.dir/Core/Src/RFID.c.obj
LOAD CMakeFiles/warehouse_proj.dir/Core/Src/LSM6DS3.c.obj
LOAD C:/tools/gcc-arm-none-eabi/arm-gnu-toolchain-13.2.Rel1-mingw-w64-i686-arm-none-eabi/bin/../lib/gcc/arm-none-eabi/13.2.1/thumb/v7e-m+fp/hard\libm.a
START GROUP
LOAD C:/tools/gcc-arm-none-eabi/arm-gnu-toolchain-13.2.Rel1-mingw-w64-i686-arm-none-eabi/bin/../lib/gcc/arm-none-eabi/13.2.1/thumb/v7e-m+fp/hard\libgcc.a
LOAD C:/tools/gcc-arm-none-eabi/arm-gnu-toolchain-13.2.Rel1-mingw-w64-i686-arm-none-eabi/bin/../lib/gcc/arm-none-eabi/13.2.1/thumb/v7e-m+fp/hard\libg_nano.a
LOAD C:/tools/gcc-arm-none-eabi/arm-gnu-toolchain-13.2.Rel1-mingw-w64-i686-arm-none-eabi/bin/../lib/gcc/arm-none-eabi/13.2.1/thumb/v7e-m+fp/hard\libc_nano.a
END GROUP
START GROUP
LOAD C:/tools/gcc-arm-none-eabi/arm-gnu-toolchain-13.2.Rel1-mingw-w64-i686-arm-none-eabi/bin/../lib/gcc/arm-none-eabi/13.2.1/thumb/v7e-m+fp/hard\libgcc.a
LOAD C:/tools/gcc-arm-none-eabi/arm-gnu-toolchain-13.2.Rel1-mingw-w64-i686-arm-none-eabi/bin/../lib/gcc/arm-none-eabi/13.2.1/thumb/v7e-m+fp/hard\libc_nano.a
END GROUP
LOAD C:/tools/gcc-arm-none-eabi/arm-gnu-toolchain-13.2.Rel1-mingw-w64-i686-arm-none-eabi/bin/../lib/gcc/arm-none-eabi/13.2.1/thumb/v7e-m+fp/hard/crtend.o
LOAD C:/tools/gcc-arm-none-eabi/arm-gnu-toolchain-13.2.Rel1-mingw-w64-i686-arm-none-eabi/bin/../lib/gcc/arm-none-eabi/13.2.1/thumb/v7e-m+fp/hard/crtn.o
                0x20008000                        _estack = (ORIGIN (RAM) + LENGTH (RAM))
                0x20007c00                        _sstack = (_estack - _Min_Stack_Size)
                0x00000200                        _Min_Heap_Size = 0x200
                0x00000400                        _Min_Stack_Size = 0x400

.isr_vector     0x08000000      0x1d8
                0x08000000                        . = ALIGN (0x4)
 *(.isr_vector)
 .isr_vector    0x08000000      0x1d8 CMakeFiles/warehouse_proj.dir/startup_stm32g431xx.s.obj
                0x08000000                g_pfnVectors
                0x080001d8                        . = ALIGN (0x4)

.text           0x080001e0     0x8050
                0x080001e0                        . = ALIGN (0x4)
 *(.text)
 .text          0x080001e0       0x30 C:/tools/gcc-arm-none-eabi/arm-gnu-toolchain-13.2.Rel1-mingw-w64-i686-arm-none-eabi/bin/../lib/gcc/arm-none-eabi/13.2.1/thumb/v7e-m+fp/hard\libgcc.a(_aeabi_uldivmod.o)
                0x080001e0                __aeabi_uldivmod
 .text          0x08000210        0x4 C:/tools/gcc-arm-none-eabi/arm-gnu-toolchain-13.2.Rel1-mingw-w64-i686-arm-none-eabi/bin/../lib/gcc/arm-none-eabi/13.2.1/thumb/v7e-m+fp/hard\libgcc.a(_dvmd_tls.o)
                0x08000210                __aeabi_idiv0
                0x08000210                __aeabi_ldiv0
 .text          0x08000214       0x10 C:/tools/gcc-arm-none-eabi/arm-gnu-toolchain-13.2.Rel1-mingw-w64-i686-arm-none-eabi/bin/../lib/gcc/arm-none-eabi/13.2.1/thumb/v7e-m+fp/hard\libg_nano.a(libc_a-strlen.o)
                0x08000214                strlen
 *fill*         0x08000224        0xc 
 .text          0x08000230       0xa0 C:/tools/gcc-arm-none-eabi/arm-gnu-toolchain-13.2.Rel1-mingw-w64-i686-arm-none-eabi/bin/../lib/gcc/arm-none-eabi/13.2.1/thumb/v7e-m+fp/hard\libg_nano.a(libc_a-memchr.o)
                0x08000230                memchr
 *(.text*)
 .text.deregister_tm_clones
                0x080002d0       0x1c C:/tools/gcc-arm-none-eabi/arm-gnu-toolchain-13.2.Rel1-mingw-w64-i686-arm-none-eabi/bin/../lib/gcc/arm-none-eabi/13.2.1/thumb/v7e-m+fp/hard/crtbegin.o
 .text.register_tm_clones
                0x080002ec       0x24 C:/tools/gcc-arm-none-eabi/arm-gnu-toolchain-13.2.Rel1-mingw-w64-i686-arm-none-eabi/bin/../lib/gcc/arm-none-eabi/13.2.1/thumb/v7e-m+fp/hard/crtbegin.o
 .text.__do_global_dtors_aux
                0x08000310       0x28 C:/tools/gcc-arm-none-eabi/arm-gnu-toolchain-13.2.Rel1-mingw-w64-i686-arm-none-eabi/bin/../lib/gcc/arm-none-eabi/13.2.1/thumb/v7e-m+fp/hard/crtbegin.o
 .text.frame_dummy
                0x08000338       0x24 C:/tools/gcc-arm-none-eabi/arm-gnu-toolchain-13.2.Rel1-mingw-w64-i686-arm-none-eabi/bin/../lib/gcc/arm-none-eabi/13.2.1/thumb/v7e-m+fp/hard/crtbegin.o
 .text.SystemInit
                0x0800035c       0x24 cmake/stm32cubemx/CMakeFiles/STM32_Drivers.dir/__/__/Core/Src/system_stm32g4xx.c.obj
                0x0800035c                SystemInit
 .text.HAL_Init
                0x08000380       0x30 cmake/stm32cubemx/CMakeFiles/STM32_Drivers.dir/__/__/Drivers/STM32G4xx_HAL_Driver/Src/stm32g4xx_hal.c.obj
                0x08000380                HAL_Init
 .text.HAL_InitTick
                0x080003b0       0x74 cmake/stm32cubemx/CMakeFiles/STM32_Drivers.dir/__/__/Drivers/STM32G4xx_HAL_Driver/Src/stm32g4xx_hal.c.obj
                0x080003b0                HAL_InitTick
 .text.HAL_IncTick
                0x08000424       0x24 cmake/stm32cubemx/CMakeFiles/STM32_Drivers.dir/__/__/Drivers/STM32G4xx_HAL_Driver/Src/stm32g4xx_hal.c.obj
                0x08000424                HAL_IncTick
 .text.HAL_GetTick
                0x08000448       0x18 cmake/stm32cubemx/CMakeFiles/STM32_Drivers.dir/__/__/Drivers/STM32G4xx_HAL_Driver/Src/stm32g4xx_hal.c.obj
                0x08000448                HAL_GetTick
 .text.HAL_RCC_OscConfig
                0x08000460      0x624 cmake/stm32cubemx/CMakeFiles/STM32_Drivers.dir/__/__/Drivers/STM32G4xx_HAL_Driver/Src/stm32g4xx_hal_rcc.c.obj
                0x08000460                HAL_RCC_OscConfig
 .text.HAL_RCC_ClockConfig
                0x08000a84      0x278 cmake/stm32cubemx/CMakeFiles/STM32_Drivers.dir/__/__/Drivers/STM32G4xx_HAL_Driver/Src/stm32g4xx_hal_rcc.c.obj
                0x08000a84                HAL_RCC_ClockConfig
 .text.HAL_RCC_GetSysClockFreq
                0x08000cfc       0xc4 cmake/stm32cubemx/CMakeFiles/STM32_Drivers.dir/__/__/Drivers/STM32G4xx_HAL_Driver/Src/stm32g4xx_hal_rcc.c.obj
                0x08000cfc                HAL_RCC_GetSysClockFreq
 .text.HAL_RCC_GetHCLKFreq
                0x08000dc0       0x18 cmake/stm32cubemx/CMakeFiles/STM32_Drivers.dir/__/__/Drivers/STM32G4xx_HAL_Driver/Src/stm32g4xx_hal_rcc.c.obj
                0x08000dc0                HAL_RCC_GetHCLKFreq
 .text.HAL_RCC_GetPCLK1Freq
                0x08000dd8       0x2c cmake/stm32cubemx/CMakeFiles/STM32_Drivers.dir/__/__/Drivers/STM32G4xx_HAL_Driver/Src/stm32g4xx_hal_rcc.c.obj
                0x08000dd8                HAL_RCC_GetPCLK1Freq
 .text.HAL_RCC_GetPCLK2Freq
                0x08000e04       0x2c cmake/stm32cubemx/CMakeFiles/STM32_Drivers.dir/__/__/Drivers/STM32G4xx_HAL_Driver/Src/stm32g4xx_hal_rcc.c.obj
                0x08000e04                HAL_RCC_GetPCLK2Freq
 .text.RCC_GetSysClockFreqFromPLLSource
                0x08000e30       0x8c cmake/stm32cubemx/CMakeFiles/STM32_Drivers.dir/__/__/Drivers/STM32G4xx_HAL_Driver/Src/stm32g4xx_hal_rcc.c.obj
 .text.HAL_RCCEx_PeriphCLKConfig
                0x08000ebc      0x3e0 cmake/stm32cubemx/CMakeFiles/STM32_Drivers.dir/__/__/Drivers/STM32G4xx_HAL_Driver/Src/stm32g4xx_hal_rcc_ex.c.obj
                0x08000ebc                HAL_RCCEx_PeriphCLKConfig
 .text.HAL_GPIO_Init
                0x0800129c      0x318 cmake/stm32cubemx/CMakeFiles/STM32_Drivers.dir/__/__/Drivers/STM32G4xx_HAL_Driver/Src/stm32g4xx_hal_gpio.c.obj
                0x0800129c                HAL_GPIO_Init
 .text.HAL_GPIO_WritePin
                0x080015b4       0x30 cmake/stm32cubemx/CMakeFiles/STM32_Drivers.dir/__/__/Drivers/STM32G4xx_HAL_Driver/Src/stm32g4xx_hal_gpio.c.obj
                0x080015b4                HAL_GPIO_WritePin
 .text.HAL_GPIO_TogglePin
                0x080015e4       0x34 cmake/stm32cubemx/CMakeFiles/STM32_Drivers.dir/__/__/Drivers/STM32G4xx_HAL_Driver/Src/stm32g4xx_hal_gpio.c.obj
                0x080015e4                HAL_GPIO_TogglePin
 .text.HAL_PWREx_ControlVoltageScaling
                0x08001618      0x148 cmake/stm32cubemx/CMakeFiles/STM32_Drivers.dir/__/__/Drivers/STM32G4xx_HAL_Driver/Src/stm32g4xx_hal_pwr_ex.c.obj
                0x08001618                HAL_PWREx_ControlVoltageScaling
 .text.HAL_PWREx_DisableUCPDDeadBattery
                0x08001760       0x20 cmake/stm32cubemx/CMakeFiles/STM32_Drivers.dir/__/__/Drivers/STM32G4xx_HAL_Driver/Src/stm32g4xx_hal_pwr_ex.c.obj
                0x08001760                HAL_PWREx_DisableUCPDDeadBattery
 .text.__NVIC_SetPriorityGrouping
                0x08001780       0x48 cmake/stm32cubemx/CMakeFiles/STM32_Drivers.dir/__/__/Drivers/STM32G4xx_HAL_Driver/Src/stm32g4xx_hal_cortex.c.obj
 .text.__NVIC_GetPriorityGrouping
                0x080017c8       0x1c cmake/stm32cubemx/CMakeFiles/STM32_Drivers.dir/__/__/Drivers/STM32G4xx_HAL_Driver/Src/stm32g4xx_hal_cortex.c.obj
 .text.__NVIC_SetPriority
                0x080017e4       0x54 cmake/stm32cubemx/CMakeFiles/STM32_Drivers.dir/__/__/Drivers/STM32G4xx_HAL_Driver/Src/stm32g4xx_hal_cortex.c.obj
 .text.NVIC_EncodePriority
                0x08001838       0x66 cmake/stm32cubemx/CMakeFiles/STM32_Drivers.dir/__/__/Drivers/STM32G4xx_HAL_Driver/Src/stm32g4xx_hal_cortex.c.obj
 *fill*         0x0800189e        0x2 
 .text.SysTick_Config
                0x080018a0       0x44 cmake/stm32cubemx/CMakeFiles/STM32_Drivers.dir/__/__/Drivers/STM32G4xx_HAL_Driver/Src/stm32g4xx_hal_cortex.c.obj
 .text.HAL_NVIC_SetPriorityGrouping
                0x080018e4       0x16 cmake/stm32cubemx/CMakeFiles/STM32_Drivers.dir/__/__/Drivers/STM32G4xx_HAL_Driver/Src/stm32g4xx_hal_cortex.c.obj
                0x080018e4                HAL_NVIC_SetPriorityGrouping
 .text.HAL_NVIC_SetPriority
                0x080018fa       0x34 cmake/stm32cubemx/CMakeFiles/STM32_Drivers.dir/__/__/Drivers/STM32G4xx_HAL_Driver/Src/stm32g4xx_hal_cortex.c.obj
                0x080018fa                HAL_NVIC_SetPriority
 .text.HAL_SYSTICK_Config
                0x0800192e       0x18 cmake/stm32cubemx/CMakeFiles/STM32_Drivers.dir/__/__/Drivers/STM32G4xx_HAL_Driver/Src/stm32g4xx_hal_cortex.c.obj
                0x0800192e                HAL_SYSTICK_Config
 .text.HAL_SPI_Init
                0x08001946      0x156 cmake/stm32cubemx/CMakeFiles/STM32_Drivers.dir/__/__/Drivers/STM32G4xx_HAL_Driver/Src/stm32g4xx_hal_spi.c.obj
                0x08001946                HAL_SPI_Init
 .text.HAL_SPI_TransmitReceive
                0x08001a9c      0x43e cmake/stm32cubemx/CMakeFiles/STM32_Drivers.dir/__/__/Drivers/STM32G4xx_HAL_Driver/Src/stm32g4xx_hal_spi.c.obj
                0x08001a9c                HAL_SPI_TransmitReceive
 *fill*         0x08001eda        0x2 
 .text.SPI_WaitFlagStateUntilTimeout
                0x08001edc      0x110 cmake/stm32cubemx/CMakeFiles/STM32_Drivers.dir/__/__/Drivers/STM32G4xx_HAL_Driver/Src/stm32g4xx_hal_spi.c.obj
 .text.SPI_WaitFifoStateUntilTimeout
                0x08001fec      0x12c cmake/stm32cubemx/CMakeFiles/STM32_Drivers.dir/__/__/Drivers/STM32G4xx_HAL_Driver/Src/stm32g4xx_hal_spi.c.obj
 .text.SPI_EndRxTxTransaction
                0x08002118       0x8c cmake/stm32cubemx/CMakeFiles/STM32_Drivers.dir/__/__/Drivers/STM32G4xx_HAL_Driver/Src/stm32g4xx_hal_spi.c.obj
 .text.HAL_TIM_Base_Init
                0x080021a4       0xae cmake/stm32cubemx/CMakeFiles/STM32_Drivers.dir/__/__/Drivers/STM32G4xx_HAL_Driver/Src/stm32g4xx_hal_tim.c.obj
                0x080021a4                HAL_TIM_Base_Init
 .text.HAL_TIM_PWM_Init
                0x08002252       0xae cmake/stm32cubemx/CMakeFiles/STM32_Drivers.dir/__/__/Drivers/STM32G4xx_HAL_Driver/Src/stm32g4xx_hal_tim.c.obj
                0x08002252                HAL_TIM_PWM_Init
 .text.HAL_TIM_PWM_Start
                0x08002300      0x200 cmake/stm32cubemx/CMakeFiles/STM32_Drivers.dir/__/__/Drivers/STM32G4xx_HAL_Driver/Src/stm32g4xx_hal_tim.c.obj
                0x08002300                HAL_TIM_PWM_Start
 .text.HAL_TIM_PWM_Stop
                0x08002500      0x130 cmake/stm32cubemx/CMakeFiles/STM32_Drivers.dir/__/__/Drivers/STM32G4xx_HAL_Driver/Src/stm32g4xx_hal_tim.c.obj
                0x08002500                HAL_TIM_PWM_Stop
 .text.HAL_TIM_PWM_ConfigChannel
                0x08002630      0x228 cmake/stm32cubemx/CMakeFiles/STM32_Drivers.dir/__/__/Drivers/STM32G4xx_HAL_Driver/Src/stm32g4xx_hal_tim.c.obj
                0x08002630                HAL_TIM_PWM_ConfigChannel
 .text.TIM_Base_SetConfig
                0x08002858      0x12c cmake/stm32cubemx/CMakeFiles/STM32_Drivers.dir/__/__/Drivers/STM32G4xx_HAL_Driver/Src/stm32g4xx_hal_tim.c.obj
                0x08002858                TIM_Base_SetConfig
 .text.TIM_OC1_SetConfig
                0x08002984      0x124 cmake/stm32cubemx/CMakeFiles/STM32_Drivers.dir/__/__/Drivers/STM32G4xx_HAL_Driver/Src/stm32g4xx_hal_tim.c.obj
 .text.TIM_OC2_SetConfig
                0x08002aa8      0x118 cmake/stm32cubemx/CMakeFiles/STM32_Drivers.dir/__/__/Drivers/STM32G4xx_HAL_Driver/Src/stm32g4xx_hal_tim.c.obj
                0x08002aa8                TIM_OC2_SetConfig
 .text.TIM_OC3_SetConfig
                0x08002bc0      0x114 cmake/stm32cubemx/CMakeFiles/STM32_Drivers.dir/__/__/Drivers/STM32G4xx_HAL_Driver/Src/stm32g4xx_hal_tim.c.obj
 .text.TIM_OC4_SetConfig
                0x08002cd4      0x118 cmake/stm32cubemx/CMakeFiles/STM32_Drivers.dir/__/__/Drivers/STM32G4xx_HAL_Driver/Src/stm32g4xx_hal_tim.c.obj
 .text.TIM_OC5_SetConfig
                0x08002dec       0xc8 cmake/stm32cubemx/CMakeFiles/STM32_Drivers.dir/__/__/Drivers/STM32G4xx_HAL_Driver/Src/stm32g4xx_hal_tim.c.obj
 .text.TIM_OC6_SetConfig
                0x08002eb4       0xcc cmake/stm32cubemx/CMakeFiles/STM32_Drivers.dir/__/__/Drivers/STM32G4xx_HAL_Driver/Src/stm32g4xx_hal_tim.c.obj
 .text.TIM_CCxChannelCmd
                0x08002f80       0x4a cmake/stm32cubemx/CMakeFiles/STM32_Drivers.dir/__/__/Drivers/STM32G4xx_HAL_Driver/Src/stm32g4xx_hal_tim.c.obj
                0x08002f80                TIM_CCxChannelCmd
 *fill*         0x08002fca        0x2 
 .text.HAL_TIMEx_MasterConfigSynchronization
                0x08002fcc      0x104 cmake/stm32cubemx/CMakeFiles/STM32_Drivers.dir/__/__/Drivers/STM32G4xx_HAL_Driver/Src/stm32g4xx_hal_tim_ex.c.obj
                0x08002fcc                HAL_TIMEx_MasterConfigSynchronization
 .text.HAL_TIMEx_ConfigBreakDeadTime
                0x080030d0      0x118 cmake/stm32cubemx/CMakeFiles/STM32_Drivers.dir/__/__/Drivers/STM32G4xx_HAL_Driver/Src/stm32g4xx_hal_tim_ex.c.obj
                0x080030d0                HAL_TIMEx_ConfigBreakDeadTime
 .text.HAL_UART_Init
                0x080031e8       0xa0 cmake/stm32cubemx/CMakeFiles/STM32_Drivers.dir/__/__/Drivers/STM32G4xx_HAL_Driver/Src/stm32g4xx_hal_uart.c.obj
                0x080031e8                HAL_UART_Init
 .text.HAL_UART_Transmit
                0x08003288      0x132 cmake/stm32cubemx/CMakeFiles/STM32_Drivers.dir/__/__/Drivers/STM32G4xx_HAL_Driver/Src/stm32g4xx_hal_uart.c.obj
                0x08003288                HAL_UART_Transmit
 .text.HAL_UART_Receive
                0x080033ba      0x1a0 cmake/stm32cubemx/CMakeFiles/STM32_Drivers.dir/__/__/Drivers/STM32G4xx_HAL_Driver/Src/stm32g4xx_hal_uart.c.obj
                0x080033ba                HAL_UART_Receive
 *fill*         0x0800355a        0x2 
 .text.UART_SetConfig
                0x0800355c      0x598 cmake/stm32cubemx/CMakeFiles/STM32_Drivers.dir/__/__/Drivers/STM32G4xx_HAL_Driver/Src/stm32g4xx_hal_uart.c.obj
                0x0800355c                UART_SetConfig
 .text.UART_AdvFeatureConfig
                0x08003af4      0x144 cmake/stm32cubemx/CMakeFiles/STM32_Drivers.dir/__/__/Drivers/STM32G4xx_HAL_Driver/Src/stm32g4xx_hal_uart.c.obj
                0x08003af4                UART_AdvFeatureConfig
 .text.UART_CheckIdleState
                0x08003c38      0x154 cmake/stm32cubemx/CMakeFiles/STM32_Drivers.dir/__/__/Drivers/STM32G4xx_HAL_Driver/Src/stm32g4xx_hal_uart.c.obj
                0x08003c38                UART_CheckIdleState
 .text.UART_WaitOnFlagUntilTimeout
                0x08003d8c       0xda cmake/stm32cubemx/CMakeFiles/STM32_Drivers.dir/__/__/Drivers/STM32G4xx_HAL_Driver/Src/stm32g4xx_hal_uart.c.obj
                0x08003d8c                UART_WaitOnFlagUntilTimeout
 .text.UART_EndRxTransfer
                0x08003e66       0xcc cmake/stm32cubemx/CMakeFiles/STM32_Drivers.dir/__/__/Drivers/STM32G4xx_HAL_Driver/Src/stm32g4xx_hal_uart.c.obj
 .text.HAL_UARTEx_DisableFifoMode
                0x08003f32       0x72 cmake/stm32cubemx/CMakeFiles/STM32_Drivers.dir/__/__/Drivers/STM32G4xx_HAL_Driver/Src/stm32g4xx_hal_uart_ex.c.obj
                0x08003f32                HAL_UARTEx_DisableFifoMode
 .text.HAL_UARTEx_SetTxFifoThreshold
                0x08003fa4       0x7c cmake/stm32cubemx/CMakeFiles/STM32_Drivers.dir/__/__/Drivers/STM32G4xx_HAL_Driver/Src/stm32g4xx_hal_uart_ex.c.obj
                0x08003fa4                HAL_UARTEx_SetTxFifoThreshold
 .text.HAL_UARTEx_SetRxFifoThreshold
                0x08004020       0x7c cmake/stm32cubemx/CMakeFiles/STM32_Drivers.dir/__/__/Drivers/STM32G4xx_HAL_Driver/Src/stm32g4xx_hal_uart_ex.c.obj
                0x08004020                HAL_UARTEx_SetRxFifoThreshold
 .text.UARTEx_SetNbDataToProcess
                0x0800409c       0x9c cmake/stm32cubemx/CMakeFiles/STM32_Drivers.dir/__/__/Drivers/STM32G4xx_HAL_Driver/Src/stm32g4xx_hal_uart_ex.c.obj
 .text.BSP_LED_Init
                0x08004138       0x70 cmake/stm32cubemx/CMakeFiles/STM32_Drivers.dir/__/__/Drivers/BSP/STM32G4xx_Nucleo/stm32g4xx_nucleo.c.obj
                0x08004138                BSP_LED_Init
 .text.BSP_COM_Init
                0x080041a8       0x60 cmake/stm32cubemx/CMakeFiles/STM32_Drivers.dir/__/__/Drivers/BSP/STM32G4xx_Nucleo/stm32g4xx_nucleo.c.obj
                0x080041a8                BSP_COM_Init
 .text.MX_LPUART1_Init
                0x08004208       0x64 cmake/stm32cubemx/CMakeFiles/STM32_Drivers.dir/__/__/Drivers/BSP/STM32G4xx_Nucleo/stm32g4xx_nucleo.c.obj
                0x08004208                MX_LPUART1_Init
 .text.COM1_MspInit
                0x0800426c       0x98 cmake/stm32cubemx/CMakeFiles/STM32_Drivers.dir/__/__/Drivers/BSP/STM32G4xx_Nucleo/stm32g4xx_nucleo.c.obj
 .text.main     0x08004304       0xd4 CMakeFiles/warehouse_proj.dir/Core/Src/main.c.obj
                0x08004304                main
 .text.SystemClock_Config
                0x080043d8       0x96 CMakeFiles/warehouse_proj.dir/Core/Src/main.c.obj
                0x080043d8                SystemClock_Config
 *fill*         0x0800446e        0x2 
 .text.MX_SPI1_Init
                0x08004470       0x7c CMakeFiles/warehouse_proj.dir/Core/Src/main.c.obj
 .text.MX_TIM1_Init
                0x080044ec      0x128 CMakeFiles/warehouse_proj.dir/Core/Src/main.c.obj
 .text.MX_TIM3_Init
                0x08004614       0xb4 CMakeFiles/warehouse_proj.dir/Core/Src/main.c.obj
 .text.MX_TIM16_Init
                0x080046c8       0x4c CMakeFiles/warehouse_proj.dir/Core/Src/main.c.obj
 .text.MX_TIM17_Init
                0x08004714       0xf4 CMakeFiles/warehouse_proj.dir/Core/Src/main.c.obj
 .text.MX_USART1_UART_Init
                0x08004808       0x98 CMakeFiles/warehouse_proj.dir/Core/Src/main.c.obj
 .text.MX_GPIO_Init
                0x080048a0       0xd0 CMakeFiles/warehouse_proj.dir/Core/Src/main.c.obj
 .text.Error_Handler
                0x08004970       0x7c CMakeFiles/warehouse_proj.dir/Core/Src/main.c.obj
                0x08004970                Error_Handler
 .text.NMI_Handler
                0x080049ec        0x8 CMakeFiles/warehouse_proj.dir/Core/Src/stm32g4xx_it.c.obj
                0x080049ec                NMI_Handler
 .text.HardFault_Handler
                0x080049f4        0x8 CMakeFiles/warehouse_proj.dir/Core/Src/stm32g4xx_it.c.obj
                0x080049f4                HardFault_Handler
 .text.MemManage_Handler
                0x080049fc        0x8 CMakeFiles/warehouse_proj.dir/Core/Src/stm32g4xx_it.c.obj
                0x080049fc                MemManage_Handler
 .text.BusFault_Handler
                0x08004a04        0x8 CMakeFiles/warehouse_proj.dir/Core/Src/stm32g4xx_it.c.obj
                0x08004a04                BusFault_Handler
 .text.UsageFault_Handler
                0x08004a0c        0x8 CMakeFiles/warehouse_proj.dir/Core/Src/stm32g4xx_it.c.obj
                0x08004a0c                UsageFault_Handler
 .text.SVC_Handler
                0x08004a14        0xe CMakeFiles/warehouse_proj.dir/Core/Src/stm32g4xx_it.c.obj
                0x08004a14                SVC_Handler
 .text.DebugMon_Handler
                0x08004a22        0xe CMakeFiles/warehouse_proj.dir/Core/Src/stm32g4xx_it.c.obj
                0x08004a22                DebugMon_Handler
 .text.PendSV_Handler
                0x08004a30        0xe CMakeFiles/warehouse_proj.dir/Core/Src/stm32g4xx_it.c.obj
                0x08004a30                PendSV_Handler
 .text.SysTick_Handler
                0x08004a3e        0xc CMakeFiles/warehouse_proj.dir/Core/Src/stm32g4xx_it.c.obj
                0x08004a3e                SysTick_Handler
 *fill*         0x08004a4a        0x2 
 .text.HAL_MspInit
                0x08004a4c       0x48 CMakeFiles/warehouse_proj.dir/Core/Src/stm32g4xx_hal_msp.c.obj
                0x08004a4c                HAL_MspInit
 .text.HAL_SPI_MspInit
                0x08004a94       0x88 CMakeFiles/warehouse_proj.dir/Core/Src/stm32g4xx_hal_msp.c.obj
                0x08004a94                HAL_SPI_MspInit
 .text.HAL_TIM_PWM_MspInit
                0x08004b1c       0x68 CMakeFiles/warehouse_proj.dir/Core/Src/stm32g4xx_hal_msp.c.obj
                0x08004b1c                HAL_TIM_PWM_MspInit
 .text.HAL_TIM_Base_MspInit
                0x08004b84       0x68 CMakeFiles/warehouse_proj.dir/Core/Src/stm32g4xx_hal_msp.c.obj
                0x08004b84                HAL_TIM_Base_MspInit
 .text.HAL_TIM_MspPostInit
                0x08004bec      0x104 CMakeFiles/warehouse_proj.dir/Core/Src/stm32g4xx_hal_msp.c.obj
                0x08004bec                HAL_TIM_MspPostInit
 .text.HAL_UART_MspInit
                0x08004cf0       0xb0 CMakeFiles/warehouse_proj.dir/Core/Src/stm32g4xx_hal_msp.c.obj
                0x08004cf0                HAL_UART_MspInit
 .text._sbrk    0x08004da0       0x6c CMakeFiles/warehouse_proj.dir/Core/Src/sysmem.c.obj
                0x08004da0                _sbrk
 .text.Reset_Handler
                0x08004e0c       0x50 CMakeFiles/warehouse_proj.dir/startup_stm32g431xx.s.obj
                0x08004e0c                Reset_Handler
 .text.Default_Handler
                0x08004e5c        0x2 CMakeFiles/warehouse_proj.dir/startup_stm32g431xx.s.obj
                0x08004e5c                RTC_Alarm_IRQHandler
                0x08004e5c                EXTI2_IRQHandler
                0x08004e5c                TIM8_TRG_COM_IRQHandler
                0x08004e5c                TIM8_CC_IRQHandler
                0x08004e5c                TIM1_CC_IRQHandler
                0x08004e5c                USB_HP_IRQHandler
                0x08004e5c                CORDIC_IRQHandler
                0x08004e5c                EXTI3_IRQHandler
                0x08004e5c                I2C3_ER_IRQHandler
                0x08004e5c                EXTI0_IRQHandler
                0x08004e5c                I2C2_EV_IRQHandler
                0x08004e5c                FPU_IRQHandler
                0x08004e5c                FDCAN1_IT1_IRQHandler
                0x08004e5c                TIM1_UP_TIM16_IRQHandler
                0x08004e5c                ADC1_2_IRQHandler
                0x08004e5c                SPI1_IRQHandler
                0x08004e5c                TIM6_DAC_IRQHandler
                0x08004e5c                TIM8_UP_IRQHandler
                0x08004e5c                DMA2_Channel2_IRQHandler
                0x08004e5c                DMA1_Channel4_IRQHandler
                0x08004e5c                USART3_IRQHandler
                0x08004e5c                TIM4_IRQHandler
                0x08004e5c                DMA2_Channel1_IRQHandler
                0x08004e5c                I2C1_EV_IRQHandler
                0x08004e5c                DMA1_Channel6_IRQHandler
                0x08004e5c                UART4_IRQHandler
                0x08004e5c                DMA2_Channel4_IRQHandler
                0x08004e5c                TIM3_IRQHandler
                0x08004e5c                RCC_IRQHandler
                0x08004e5c                DMA1_Channel1_IRQHandler
                0x08004e5c                Default_Handler
                0x08004e5c                RTC_TAMP_LSECSS_IRQHandler
                0x08004e5c                FMAC_IRQHandler
                0x08004e5c                EXTI15_10_IRQHandler
                0x08004e5c                TIM7_IRQHandler
                0x08004e5c                UCPD1_IRQHandler
                0x08004e5c                I2C3_EV_IRQHandler
                0x08004e5c                EXTI9_5_IRQHandler
                0x08004e5c                RTC_WKUP_IRQHandler
                0x08004e5c                PVD_PVM_IRQHandler
                0x08004e5c                SPI2_IRQHandler
                0x08004e5c                DMA2_Channel5_IRQHandler
                0x08004e5c                CRS_IRQHandler
                0x08004e5c                DMA1_Channel5_IRQHandler
                0x08004e5c                USB_LP_IRQHandler
                0x08004e5c                EXTI4_IRQHandler
                0x08004e5c                RNG_IRQHandler
                0x08004e5c                TIM1_TRG_COM_TIM17_IRQHandler
                0x08004e5c                DMA1_Channel3_IRQHandler
                0x08004e5c                WWDG_IRQHandler
                0x08004e5c                LPUART1_IRQHandler
                0x08004e5c                DMA2_Channel6_IRQHandler
                0x08004e5c                FDCAN1_IT0_IRQHandler
                0x08004e5c                TIM2_IRQHandler
                0x08004e5c                COMP1_2_3_IRQHandler
                0x08004e5c                EXTI1_IRQHandler
                0x08004e5c                USART2_IRQHandler
                0x08004e5c                I2C2_ER_IRQHandler
                0x08004e5c                DMA1_Channel2_IRQHandler
                0x08004e5c                TIM8_BRK_IRQHandler
                0x08004e5c                FLASH_IRQHandler
                0x08004e5c                USART1_IRQHandler
                0x08004e5c                SPI3_IRQHandler
                0x08004e5c                I2C1_ER_IRQHandler
                0x08004e5c                LPTIM1_IRQHandler
                0x08004e5c                DMAMUX_OVR_IRQHandler
                0x08004e5c                USBWakeUp_IRQHandler
                0x08004e5c                SAI1_IRQHandler
                0x08004e5c                DMA2_Channel3_IRQHandler
                0x08004e5c                COMP4_IRQHandler
                0x08004e5c                TIM1_BRK_TIM15_IRQHandler
 .text.MCP3208_ReadChannel
                0x08004e5e       0xf6 CMakeFiles/warehouse_proj.dir/Core/Src/MCP3208.c.obj
                0x08004e5e                MCP3208_ReadChannel
 .text.menu_main
                0x08004f54       0x58 CMakeFiles/warehouse_proj.dir/Core/Src/uart_control.c.obj
                0x08004f54                menu_main
 .text.menu_imu
                0x08004fac       0x14 CMakeFiles/warehouse_proj.dir/Core/Src/uart_control.c.obj
                0x08004fac                menu_imu
 .text.menu_motor
                0x08004fc0       0x14 CMakeFiles/warehouse_proj.dir/Core/Src/uart_control.c.obj
                0x08004fc0                menu_motor
 .text.menu_combined
                0x08004fd4       0x14 CMakeFiles/warehouse_proj.dir/Core/Src/uart_control.c.obj
                0x08004fd4                menu_combined
 .text.menu_speaker
                0x08004fe8       0x14 CMakeFiles/warehouse_proj.dir/Core/Src/uart_control.c.obj
                0x08004fe8                menu_speaker
 .text.menu_normalized
                0x08004ffc       0x14 CMakeFiles/warehouse_proj.dir/Core/Src/uart_control.c.obj
                0x08004ffc                menu_normalized
 .text.menu_autonomous
                0x08005010       0x14 CMakeFiles/warehouse_proj.dir/Core/Src/uart_control.c.obj
                0x08005010                menu_autonomous
 .text.menu_servo
                0x08005024       0x14 CMakeFiles/warehouse_proj.dir/Core/Src/uart_control.c.obj
                0x08005024                menu_servo
 .text.menu_voltage
                0x08005038       0x14 CMakeFiles/warehouse_proj.dir/Core/Src/uart_control.c.obj
                0x08005038                menu_voltage
 .text.menu_both
                0x0800504c       0x14 CMakeFiles/warehouse_proj.dir/Core/Src/uart_control.c.obj
                0x0800504c                menu_both
 .text.menu_uart
                0x08005060       0x14 CMakeFiles/warehouse_proj.dir/Core/Src/uart_control.c.obj
                0x08005060                menu_uart
 .text.UART_SendMessage
                0x08005074       0x2c CMakeFiles/warehouse_proj.dir/Core/Src/uart_control.c.obj
 .text.UART_CONTROL_init
                0x080050a0       0x20 CMakeFiles/warehouse_proj.dir/Core/Src/uart_control.c.obj
                0x080050a0                UART_CONTROL_init
 .text.UART_CONTROL_update
                0x080050c0     0x1240 CMakeFiles/warehouse_proj.dir/Core/Src/uart_control.c.obj
                0x080050c0                UART_CONTROL_update
 .text.UART_CONTROL_check_timeout
                0x08006300       0x54 CMakeFiles/warehouse_proj.dir/Core/Src/uart_control.c.obj
                0x08006300                UART_CONTROL_check_timeout
 .text.DWT_Init
                0x08006354       0x34 CMakeFiles/warehouse_proj.dir/Core/Src/uart_control.c.obj
                0x08006354                DWT_Init
 .text.DWT_GetMicros
                0x08006388       0x30 CMakeFiles/warehouse_proj.dir/Core/Src/uart_control.c.obj
                0x08006388                DWT_GetMicros
 .text.Telemetry_Loop_Start
                0x080063b8      0x110 CMakeFiles/warehouse_proj.dir/Core/Src/uart_control.c.obj
                0x080063b8                Telemetry_Loop_Start
 .text.Telemetry_Loop_End
                0x080064c8      0x150 CMakeFiles/warehouse_proj.dir/Core/Src/uart_control.c.obj
                0x080064c8                Telemetry_Loop_End
 .text.UART_Send_Telemetry
                0x08006618       0xcc CMakeFiles/warehouse_proj.dir/Core/Src/uart_control.c.obj
                0x08006618                UART_Send_Telemetry
 .text.Robot_Init
                0x080066e4       0x28 CMakeFiles/warehouse_proj.dir/Core/Src/robot.c.obj
                0x080066e4                Robot_Init
 .text.Robot_SetState
                0x0800670c      0x104 CMakeFiles/warehouse_proj.dir/Core/Src/robot.c.obj
                0x0800670c                Robot_SetState
 .text.Robot_Update
                0x08006810        0xc CMakeFiles/warehouse_proj.dir/Core/Src/robot.c.obj
                0x08006810                Robot_Update
 .text.Robot_GetState
                0x0800681c       0x18 CMakeFiles/warehouse_proj.dir/Core/Src/robot.c.obj
                0x0800681c                Robot_GetState
 .text.Motor_Init
                0x08006834       0x34 CMakeFiles/warehouse_proj.dir/Core/Src/motor.c.obj
                0x08006834                Motor_Init
 .text.Motor_SetStandby
                0x08006868       0x26 CMakeFiles/warehouse_proj.dir/Core/Src/motor.c.obj
                0x08006868                Motor_SetStandby
 *fill*         0x0800688e        0x2 
 .text.Motor_Right_SetSpeed
                0x08006890       0xb0 CMakeFiles/warehouse_proj.dir/Core/Src/motor.c.obj
                0x08006890                Motor_Right_SetSpeed
 .text.Motor_Left_SetSpeed
                0x08006940       0xb0 CMakeFiles/warehouse_proj.dir/Core/Src/motor.c.obj
                0x08006940                Motor_Left_SetSpeed
 .text.Motor_Forward
                0x080069f0       0x36 CMakeFiles/warehouse_proj.dir/Core/Src/motor.c.obj
                0x080069f0                Motor_Forward
 .text.Motor_Reverse
                0x08006a26       0x36 CMakeFiles/warehouse_proj.dir/Core/Src/motor.c.obj
                0x08006a26                Motor_Reverse
 .text.Motor_Stop
                0x08006a5c       0x14 CMakeFiles/warehouse_proj.dir/Core/Src/motor.c.obj
                0x08006a5c                Motor_Stop
 .text.Motor_Brake
                0x08006a70       0x50 CMakeFiles/warehouse_proj.dir/Core/Src/motor.c.obj
                0x08006a70                Motor_Brake
 .text.Robot_LineFollow_Update
                0x08006ac0      0x6c4 CMakeFiles/warehouse_proj.dir/Core/Src/line_following.c.obj
                0x08006ac0                Robot_LineFollow_Update
 .text.update_compare_value
                0x08007184       0x58 CMakeFiles/warehouse_proj.dir/Core/Src/servo.c.obj
 .text.servo_init
                0x080071dc       0x58 CMakeFiles/warehouse_proj.dir/Core/Src/servo.c.obj
                0x080071dc                servo_init
 .text.Servo_SetAngle
                0x08007234       0x64 CMakeFiles/warehouse_proj.dir/Core/Src/servo.c.obj
                0x08007234                Servo_SetAngle
 .text.Servo_Update
                0x08007298      0x180 CMakeFiles/warehouse_proj.dir/Core/Src/servo.c.obj
                0x08007298                Servo_Update
 .text.LSM6DS3_ReadReg
                0x08007418       0x58 CMakeFiles/warehouse_proj.dir/Core/Src/LSM6DS3.c.obj
                0x08007418                LSM6DS3_ReadReg
 .text.LSM6DS3_GetWhoAmI
                0x08007470       0x10 CMakeFiles/warehouse_proj.dir/Core/Src/LSM6DS3.c.obj
                0x08007470                LSM6DS3_GetWhoAmI
 .text.LSM6DS3_DumpRegisters
                0x08007480      0x178 CMakeFiles/warehouse_proj.dir/Core/Src/LSM6DS3.c.obj
                0x08007480                LSM6DS3_DumpRegisters
 .text.__udivmoddi4
                0x080075f8      0x2bc C:/tools/gcc-arm-none-eabi/arm-gnu-toolchain-13.2.Rel1-mingw-w64-i686-arm-none-eabi/bin/../lib/gcc/arm-none-eabi/13.2.1/thumb/v7e-m+fp/hard\libgcc.a(_udivmoddi4.o)
                0x080075f8                __udivmoddi4
 .text.snprintf
                0x080078b4       0x68 C:/tools/gcc-arm-none-eabi/arm-gnu-toolchain-13.2.Rel1-mingw-w64-i686-arm-none-eabi/bin/../lib/gcc/arm-none-eabi/13.2.1/thumb/v7e-m+fp/hard\libg_nano.a(libc_a-snprintf.o)
                0x080078b4                sniprintf
                0x080078b4                snprintf
 .text.memset   0x0800791c       0x10 C:/tools/gcc-arm-none-eabi/arm-gnu-toolchain-13.2.Rel1-mingw-w64-i686-arm-none-eabi/bin/../lib/gcc/arm-none-eabi/13.2.1/thumb/v7e-m+fp/hard\libg_nano.a(libc_a-memset.o)
                0x0800791c                memset
 .text.__errno  0x0800792c        0xc C:/tools/gcc-arm-none-eabi/arm-gnu-toolchain-13.2.Rel1-mingw-w64-i686-arm-none-eabi/bin/../lib/gcc/arm-none-eabi/13.2.1/thumb/v7e-m+fp/hard\libg_nano.a(libc_a-errno.o)
                0x0800792c                __errno
 .text.__libc_init_array
                0x08007938       0x48 C:/tools/gcc-arm-none-eabi/arm-gnu-toolchain-13.2.Rel1-mingw-w64-i686-arm-none-eabi/bin/../lib/gcc/arm-none-eabi/13.2.1/thumb/v7e-m+fp/hard\libg_nano.a(libc_a-init.o)
                0x08007938                __libc_init_array
 .text.__retarget_lock_acquire_recursive
                0x08007980        0x2 C:/tools/gcc-arm-none-eabi/arm-gnu-toolchain-13.2.Rel1-mingw-w64-i686-arm-none-eabi/bin/../lib/gcc/arm-none-eabi/13.2.1/thumb/v7e-m+fp/hard\libg_nano.a(libc_a-lock.o)
                0x08007980                __retarget_lock_acquire_recursive
 .text.__retarget_lock_release_recursive
                0x08007982        0x2 C:/tools/gcc-arm-none-eabi/arm-gnu-toolchain-13.2.Rel1-mingw-w64-i686-arm-none-eabi/bin/../lib/gcc/arm-none-eabi/13.2.1/thumb/v7e-m+fp/hard\libg_nano.a(libc_a-lock.o)
                0x08007982                __retarget_lock_release_recursive
 .text.memcpy   0x08007984       0x1c C:/tools/gcc-arm-none-eabi/arm-gnu-toolchain-13.2.Rel1-mingw-w64-i686-arm-none-eabi/bin/../lib/gcc/arm-none-eabi/13.2.1/thumb/v7e-m+fp/hard\libg_nano.a(libc_a-memcpy-stub.o)
                0x08007984                memcpy
 .text._free_r  0x080079a0       0x94 C:/tools/gcc-arm-none-eabi/arm-gnu-toolchain-13.2.Rel1-mingw-w64-i686-arm-none-eabi/bin/../lib/gcc/arm-none-eabi/13.2.1/thumb/v7e-m+fp/hard\libg_nano.a(libc_a-freer.o)
                0x080079a0                _free_r
 .text.sbrk_aligned
                0x08007a34       0x44 C:/tools/gcc-arm-none-eabi/arm-gnu-toolchain-13.2.Rel1-mingw-w64-i686-arm-none-eabi/bin/../lib/gcc/arm-none-eabi/13.2.1/thumb/v7e-m+fp/hard\libg_nano.a(libc_a-mallocr.o)
 .text._malloc_r
                0x08007a78      0x100 C:/tools/gcc-arm-none-eabi/arm-gnu-toolchain-13.2.Rel1-mingw-w64-i686-arm-none-eabi/bin/../lib/gcc/arm-none-eabi/13.2.1/thumb/v7e-m+fp/hard\libg_nano.a(libc_a-mallocr.o)
                0x08007a78                _malloc_r
 .text.__malloc_lock
                0x08007b78        0xc C:/tools/gcc-arm-none-eabi/arm-gnu-toolchain-13.2.Rel1-mingw-w64-i686-arm-none-eabi/bin/../lib/gcc/arm-none-eabi/13.2.1/thumb/v7e-m+fp/hard\libg_nano.a(libc_a-mlock.o)
                0x08007b78                __malloc_lock
 .text.__malloc_unlock
                0x08007b84        0xc C:/tools/gcc-arm-none-eabi/arm-gnu-toolchain-13.2.Rel1-mingw-w64-i686-arm-none-eabi/bin/../lib/gcc/arm-none-eabi/13.2.1/thumb/v7e-m+fp/hard\libg_nano.a(libc_a-mlock.o)
                0x08007b84                __malloc_unlock
 .text.__ssputs_r
                0x08007b90       0xb6 C:/tools/gcc-arm-none-eabi/arm-gnu-toolchain-13.2.Rel1-mingw-w64-i686-arm-none-eabi/bin/../lib/gcc/arm-none-eabi/13.2.1/thumb/v7e-m+fp/hard\libg_nano.a(libc_a-nano-svfprintf.o)
                0x08007b90                __ssputs_r
 *fill*         0x08007c46        0x2 
 .text._svfprintf_r
                0x08007c48      0x1f8 C:/tools/gcc-arm-none-eabi/arm-gnu-toolchain-13.2.Rel1-mingw-w64-i686-arm-none-eabi/bin/../lib/gcc/arm-none-eabi/13.2.1/thumb/v7e-m+fp/hard\libg_nano.a(libc_a-nano-svfprintf.o)
                0x08007c48                _svfiprintf_r
                0x08007c48                _svfprintf_r
 .text._printf_common
                0x08007e40       0xda C:/tools/gcc-arm-none-eabi/arm-gnu-toolchain-13.2.Rel1-mingw-w64-i686-arm-none-eabi/bin/../lib/gcc/arm-none-eabi/13.2.1/thumb/v7e-m+fp/hard\libg_nano.a(libc_a-nano-vfprintf_i.o)
                0x08007e40                _printf_common
 *fill*         0x08007f1a        0x2 
 .text._printf_i
                0x08007f1c      0x23c C:/tools/gcc-arm-none-eabi/arm-gnu-toolchain-13.2.Rel1-mingw-w64-i686-arm-none-eabi/bin/../lib/gcc/arm-none-eabi/13.2.1/thumb/v7e-m+fp/hard\libg_nano.a(libc_a-nano-vfprintf_i.o)
                0x08007f1c                _printf_i
 .text.memmove  0x08008158       0x34 C:/tools/gcc-arm-none-eabi/arm-gnu-toolchain-13.2.Rel1-mingw-w64-i686-arm-none-eabi/bin/../lib/gcc/arm-none-eabi/13.2.1/thumb/v7e-m+fp/hard\libg_nano.a(libc_a-memmove.o)
                0x08008158                memmove
 .text._sbrk_r  0x0800818c       0x20 C:/tools/gcc-arm-none-eabi/arm-gnu-toolchain-13.2.Rel1-mingw-w64-i686-arm-none-eabi/bin/../lib/gcc/arm-none-eabi/13.2.1/thumb/v7e-m+fp/hard\libg_nano.a(libc_a-sbrkr.o)
                0x0800818c                _sbrk_r
 .text._realloc_r
                0x080081ac       0x5c C:/tools/gcc-arm-none-eabi/arm-gnu-toolchain-13.2.Rel1-mingw-w64-i686-arm-none-eabi/bin/../lib/gcc/arm-none-eabi/13.2.1/thumb/v7e-m+fp/hard\libg_nano.a(libc_a-reallocr.o)
                0x080081ac                _realloc_r
 .text._malloc_usable_size_r
                0x08008208       0x10 C:/tools/gcc-arm-none-eabi/arm-gnu-toolchain-13.2.Rel1-mingw-w64-i686-arm-none-eabi/bin/../lib/gcc/arm-none-eabi/13.2.1/thumb/v7e-m+fp/hard\libg_nano.a(libc_a-msizer.o)
                0x08008208                _malloc_usable_size_r
 *(.glue_7)
 .glue_7        0x08008218        0x0 linker stubs
 *(.glue_7t)
 .glue_7t       0x08008218        0x0 linker stubs
 *(.eh_frame)
 .eh_frame      0x08008218        0x0 C:/tools/gcc-arm-none-eabi/arm-gnu-toolchain-13.2.Rel1-mingw-w64-i686-arm-none-eabi/bin/../lib/gcc/arm-none-eabi/13.2.1/thumb/v7e-m+fp/hard/crtbegin.o
 *(.init)
 .init          0x08008218        0x4 C:/tools/gcc-arm-none-eabi/arm-gnu-toolchain-13.2.Rel1-mingw-w64-i686-arm-none-eabi/bin/../lib/gcc/arm-none-eabi/13.2.1/thumb/v7e-m+fp/hard/crti.o
                0x08008218                _init
 .init          0x0800821c        0x8 C:/tools/gcc-arm-none-eabi/arm-gnu-toolchain-13.2.Rel1-mingw-w64-i686-arm-none-eabi/bin/../lib/gcc/arm-none-eabi/13.2.1/thumb/v7e-m+fp/hard/crtn.o
 *(.fini)
 .fini          0x08008224        0x4 C:/tools/gcc-arm-none-eabi/arm-gnu-toolchain-13.2.Rel1-mingw-w64-i686-arm-none-eabi/bin/../lib/gcc/arm-none-eabi/13.2.1/thumb/v7e-m+fp/hard/crti.o
                0x08008224                _fini
 .fini          0x08008228        0x8 C:/tools/gcc-arm-none-eabi/arm-gnu-toolchain-13.2.Rel1-mingw-w64-i686-arm-none-eabi/bin/../lib/gcc/arm-none-eabi/13.2.1/thumb/v7e-m+fp/hard/crtn.o
                0x08008230                        . = ALIGN (0x4)
                0x08008230                        _etext = .

.vfp11_veneer   0x08008230        0x0
 .vfp11_veneer  0x08008230        0x0 linker stubs

.v4_bx          0x08008230        0x0
 .v4_bx         0x08008230        0x0 linker stubs

.iplt           0x08008230        0x0
 .iplt          0x08008230        0x0 C:/tools/gcc-arm-none-eabi/arm-gnu-toolchain-13.2.Rel1-mingw-w64-i686-arm-none-eabi/bin/../lib/gcc/arm-none-eabi/13.2.1/thumb/v7e-m+fp/hard/crtbegin.o

.rodata         0x08008230     0x15b0
                0x08008230                        . = ALIGN (0x4)
 *(.rodata)
 .rodata        0x08008230     0x1358 CMakeFiles/warehouse_proj.dir/Core/Src/uart_control.c.obj
 .rodata        0x08009588      0x1e1 CMakeFiles/warehouse_proj.dir/Core/Src/LSM6DS3.c.obj
 *(.rodata*)
 *fill*         0x08009769        0x3 
 .rodata.AHBPrescTable
                0x0800976c       0x10 cmake/stm32cubemx/CMakeFiles/STM32_Drivers.dir/__/__/Core/Src/system_stm32g4xx.c.obj
                0x0800976c                AHBPrescTable
 .rodata.APBPrescTable
                0x0800977c        0x8 cmake/stm32cubemx/CMakeFiles/STM32_Drivers.dir/__/__/Core/Src/system_stm32g4xx.c.obj
                0x0800977c                APBPrescTable
 .rodata.UARTPrescTable
                0x08009784       0x18 cmake/stm32cubemx/CMakeFiles/STM32_Drivers.dir/__/__/Drivers/STM32G4xx_HAL_Driver/Src/stm32g4xx_hal_uart.c.obj
                0x08009784                UARTPrescTable
 .rodata.numerator.1
                0x0800979c        0x8 cmake/stm32cubemx/CMakeFiles/STM32_Drivers.dir/__/__/Drivers/STM32G4xx_HAL_Driver/Src/stm32g4xx_hal_uart_ex.c.obj
 .rodata.denominator.0
                0x080097a4        0x8 cmake/stm32cubemx/CMakeFiles/STM32_Drivers.dir/__/__/Drivers/STM32G4xx_HAL_Driver/Src/stm32g4xx_hal_uart_ex.c.obj
 .rodata._svfprintf_r.str1.1
                0x080097ac       0x33 C:/tools/gcc-arm-none-eabi/arm-gnu-toolchain-13.2.Rel1-mingw-w64-i686-arm-none-eabi/bin/../lib/gcc/arm-none-eabi/13.2.1/thumb/v7e-m+fp/hard\libg_nano.a(libc_a-nano-svfprintf.o)
                                 0x11 (size before relaxing)
 .rodata._printf_i.str1.1
                0x080097df       0x22 C:/tools/gcc-arm-none-eabi/arm-gnu-toolchain-13.2.Rel1-mingw-w64-i686-arm-none-eabi/bin/../lib/gcc/arm-none-eabi/13.2.1/thumb/v7e-m+fp/hard\libg_nano.a(libc_a-nano-vfprintf_i.o)
                0x08009804                        . = ALIGN (0x4)
 *fill*         0x080097df        0x1 

.ARM.extab      0x080097e0        0x0
                0x080097e0                        . = ALIGN (0x4)
 *(.ARM.extab* .gnu.linkonce.armextab.*)
                0x080097e0                        . = ALIGN (0x4)

.ARM            0x080097e0        0x8
                0x080097e0                        . = ALIGN (0x4)
                0x080097e0                        __exidx_start = .
 *(.ARM.exidx*)
 .ARM.exidx     0x080097e0        0x8 C:/tools/gcc-arm-none-eabi/arm-gnu-toolchain-13.2.Rel1-mingw-w64-i686-arm-none-eabi/bin/../lib/gcc/arm-none-eabi/13.2.1/thumb/v7e-m+fp/hard\libg_nano.a(libc_a-strlen.o)
 .ARM.exidx     0x080097e8        0x0 C:/tools/gcc-arm-none-eabi/arm-gnu-toolchain-13.2.Rel1-mingw-w64-i686-arm-none-eabi/bin/../lib/gcc/arm-none-eabi/13.2.1/thumb/v7e-m+fp/hard\libg_nano.a(libc_a-memchr.o)
                                  0x8 (size before relaxing)
 .ARM.exidx.text.__udivmoddi4
                0x080097e8        0x0 C:/tools/gcc-arm-none-eabi/arm-gnu-toolchain-13.2.Rel1-mingw-w64-i686-arm-none-eabi/bin/../lib/gcc/arm-none-eabi/13.2.1/thumb/v7e-m+fp/hard\libgcc.a(_udivmoddi4.o)
                                  0x8 (size before relaxing)
                0x080097e8                        __exidx_end = .
                0x080097e8                        . = ALIGN (0x4)

.preinit_array  0x080097e8        0x0
                0x080097e8                        . = ALIGN (0x4)
                0x080097e8                        PROVIDE (__preinit_array_start = .)
 *(.preinit_array*)
                0x080097e8                        PROVIDE (__preinit_array_end = .)
                0x080097e8                        . = ALIGN (0x4)

.init_array     0x080097e8        0x4
                0x080097e8                        . = ALIGN (0x4)
                0x080097e8                        PROVIDE (__init_array_start = .)
 *(SORT_BY_NAME(.init_array.*))
 *(.init_array*)
 .init_array    0x080097e8        0x4 C:/tools/gcc-arm-none-eabi/arm-gnu-toolchain-13.2.Rel1-mingw-w64-i686-arm-none-eabi/bin/../lib/gcc/arm-none-eabi/13.2.1/thumb/v7e-m+fp/hard/crtbegin.o
                0x080097ec                        PROVIDE (__init_array_end = .)
                0x080097ec                        . = ALIGN (0x4)

.fini_array     0x080097ec        0x4
                0x080097ec                        . = ALIGN (0x4)
                [!provide]                        PROVIDE (__fini_array_start = .)
 *(SORT_BY_NAME(.fini_array.*))
 *(.fini_array*)
 .fini_array    0x080097ec        0x4 C:/tools/gcc-arm-none-eabi/arm-gnu-toolchain-13.2.Rel1-mingw-w64-i686-arm-none-eabi/bin/../lib/gcc/arm-none-eabi/13.2.1/thumb/v7e-m+fp/hard/crtbegin.o
                [!provide]                        PROVIDE (__fini_array_end = .)
                0x080097f0                        . = ALIGN (0x4)
                0x080097f0                        _sidata = LOADADDR (.data)

.rel.dyn        0x080097f0        0x0
 .rel.iplt      0x080097f0        0x0 C:/tools/gcc-arm-none-eabi/arm-gnu-toolchain-13.2.Rel1-mingw-w64-i686-arm-none-eabi/bin/../lib/gcc/arm-none-eabi/13.2.1/thumb/v7e-m+fp/hard/crtbegin.o

.data           0x20000000       0x9c load address 0x080097f0
                0x20000000                        . = ALIGN (0x4)
                0x20000000                        _sdata = .
 *(.data)
 *(.data*)
 .data.SystemCoreClock
                0x20000000        0x4 cmake/stm32cubemx/CMakeFiles/STM32_Drivers.dir/__/__/Core/Src/system_stm32g4xx.c.obj
                0x20000000                SystemCoreClock
 .data.uwTickPrio
                0x20000004        0x4 cmake/stm32cubemx/CMakeFiles/STM32_Drivers.dir/__/__/Drivers/STM32G4xx_HAL_Driver/Src/stm32g4xx_hal.c.obj
                0x20000004                uwTickPrio
 .data.uwTickFreq
                0x20000008        0x4 cmake/stm32cubemx/CMakeFiles/STM32_Drivers.dir/__/__/Drivers/STM32G4xx_HAL_Driver/Src/stm32g4xx_hal.c.obj
                0x20000008                uwTickFreq
 .data.LED_PORT
                0x2000000c        0x4 cmake/stm32cubemx/CMakeFiles/STM32_Drivers.dir/__/__/Drivers/BSP/STM32G4xx_Nucleo/stm32g4xx_nucleo.c.obj
 .data.COM_USART
                0x20000010        0x4 cmake/stm32cubemx/CMakeFiles/STM32_Drivers.dir/__/__/Drivers/BSP/STM32G4xx_Nucleo/stm32g4xx_nucleo.c.obj
 .data.current_servo_angle
                0x20000014        0x1 CMakeFiles/warehouse_proj.dir/Core/Src/uart_control.c.obj
 .data.first_print
                0x20000015        0x1 CMakeFiles/warehouse_proj.dir/Core/Src/uart_control.c.obj
 .data.g_cpu_load
                0x20000016        0x1 CMakeFiles/warehouse_proj.dir/Core/Src/uart_control.c.obj
 *fill*         0x20000017        0x1 
 .data.g_control_rate
                0x20000018        0x4 CMakeFiles/warehouse_proj.dir/Core/Src/uart_control.c.obj
 .data.g_latency_ms
                0x2000001c        0x4 CMakeFiles/warehouse_proj.dir/Core/Src/uart_control.c.obj
 .data.g_jitter_ms
                0x20000020        0x4 CMakeFiles/warehouse_proj.dir/Core/Src/uart_control.c.obj
 .data.jitter_filter_us
                0x20000024        0x4 CMakeFiles/warehouse_proj.dir/Core/Src/uart_control.c.obj
 .data.robot_speed
                0x20000028        0x2 CMakeFiles/warehouse_proj.dir/Core/Src/robot.c.obj
                0x20000028                robot_speed
 *fill*         0x2000002a        0x2 
 .data.sensor_max
                0x2000002c       0x10 CMakeFiles/warehouse_proj.dir/Core/Src/line_following.c.obj
                0x2000002c                sensor_max
 .data.current_angle
                0x2000003c        0x4 CMakeFiles/warehouse_proj.dir/Core/Src/servo.c.obj
 .data.target_angle
                0x20000040        0x1 CMakeFiles/warehouse_proj.dir/Core/Src/servo.c.obj
 *fill*         0x20000041        0x1 
 .data.step_interval_ms
                0x20000042        0x2 CMakeFiles/warehouse_proj.dir/Core/Src/servo.c.obj
 .data.step_size_deg
                0x20000044        0x4 CMakeFiles/warehouse_proj.dir/Core/Src/servo.c.obj
 .data.auto_detach_delay_ms
                0x20000048        0x2 CMakeFiles/warehouse_proj.dir/Core/Src/servo.c.obj
 *fill*         0x2000004a        0x2 
 .data._impure_ptr
                0x2000004c        0x4 C:/tools/gcc-arm-none-eabi/arm-gnu-toolchain-13.2.Rel1-mingw-w64-i686-arm-none-eabi/bin/../lib/gcc/arm-none-eabi/13.2.1/thumb/v7e-m+fp/hard\libg_nano.a(libc_a-impure.o)
                0x2000004c                _impure_ptr
 .data._impure_data
                0x20000050       0x4c C:/tools/gcc-arm-none-eabi/arm-gnu-toolchain-13.2.Rel1-mingw-w64-i686-arm-none-eabi/bin/../lib/gcc/arm-none-eabi/13.2.1/thumb/v7e-m+fp/hard\libg_nano.a(libc_a-impure.o)
                0x20000050                _impure_data
 *(.RamFunc)
 *(.RamFunc*)
                0x2000009c                        . = ALIGN (0x4)

.tm_clone_table
                0x2000009c        0x0 load address 0x0800988c
 .tm_clone_table
                0x2000009c        0x0 C:/tools/gcc-arm-none-eabi/arm-gnu-toolchain-13.2.Rel1-mingw-w64-i686-arm-none-eabi/bin/../lib/gcc/arm-none-eabi/13.2.1/thumb/v7e-m+fp/hard/crtbegin.o
 .tm_clone_table
                0x2000009c        0x0 C:/tools/gcc-arm-none-eabi/arm-gnu-toolchain-13.2.Rel1-mingw-w64-i686-arm-none-eabi/bin/../lib/gcc/arm-none-eabi/13.2.1/thumb/v7e-m+fp/hard/crtend.o

.igot.plt       0x2000009c        0x0 load address 0x0800988c
 .igot.plt      0x2000009c        0x0 C:/tools/gcc-arm-none-eabi/arm-gnu-toolchain-13.2.Rel1-mingw-w64-i686-arm-none-eabi/bin/../lib/gcc/arm-none-eabi/13.2.1/thumb/v7e-m+fp/hard/crtbegin.o

.tdata          0x2000009c        0x0 load address 0x0800988c
 *(.tdata .tdata.* .gnu.linkonce.td.*)
                0x2000009c                        . = ALIGN (0x4)
                0x2000009c                        _edata = .
                [!provide]                        PROVIDE (__data_end = .)
                [!provide]                        PROVIDE (__tdata_end = .)
                [!provide]                        PROVIDE (__tdata_start = ADDR (.tdata))
                [!provide]                        PROVIDE (__tdata_size = (__tdata_end - __tdata_start))
                [!provide]                        PROVIDE (__data_start = ADDR (.data))
                [!provide]                        PROVIDE (__data_size = (__data_end - __data_start))
                [!provide]                        PROVIDE (__tdata_source = LOADADDR (.tdata))
                [!provide]                        PROVIDE (__tdata_source_end = (LOADADDR (.tdata) + SIZEOF (.tdata)))
                [!provide]                        PROVIDE (__tdata_source_size = (__tdata_source_end - __tdata_source))
                [!provide]                        PROVIDE (__data_source = LOADADDR (.data))
                [!provide]                        PROVIDE (__data_source_end = __tdata_source_end)
                [!provide]                        PROVIDE (__data_source_size = (__data_source_end - __data_source))

.tbss           0x2000009c        0x0 load address 0x0800988c
                0x2000009c                        _sbss = .
                0x2000009c                        __bss_start__ = _sbss
 *(.tbss .tbss.*)
                0x2000009c                        . = ALIGN (0x4)
                [!provide]                        PROVIDE (__tbss_end = .)
                [!provide]                        PROVIDE (__tbss_start = ADDR (.tbss))
                [!provide]                        PROVIDE (__tbss_size = (__tbss_end - __tbss_start))
                [!provide]                        PROVIDE (__tbss_offset = (ADDR (.tbss) - ADDR (.tdata)))
                [!provide]                        PROVIDE (__tls_base = __tdata_start)
                [!provide]                        PROVIDE (__tls_end = __tbss_end)
                [!provide]                        PROVIDE (__tls_size = (__tls_end - __tls_base))
                [!provide]                        PROVIDE (__tls_align = MAX (ALIGNOF (.tdata), ALIGNOF (.tbss)))
                [!provide]                        PROVIDE (__tls_size_align = (((__tls_size + __tls_align) - 0x1) & ~ ((__tls_align - 0x1))))
                [!provide]                        PROVIDE (__arm32_tls_tcb_offset = MAX (0x8, __tls_align))
                [!provide]                        PROVIDE (__arm64_tls_tcb_offset = MAX (0x10, __tls_align))

.bss            0x2000009c      0x5bc load address 0x0800988c
 *(.bss)
 *(.bss*)
 .bss.completed.1
                0x2000009c        0x1 C:/tools/gcc-arm-none-eabi/arm-gnu-toolchain-13.2.Rel1-mingw-w64-i686-arm-none-eabi/bin/../lib/gcc/arm-none-eabi/13.2.1/thumb/v7e-m+fp/hard/crtbegin.o
 *fill*         0x2000009d        0x3 
 .bss.object.0  0x200000a0       0x18 C:/tools/gcc-arm-none-eabi/arm-gnu-toolchain-13.2.Rel1-mingw-w64-i686-arm-none-eabi/bin/../lib/gcc/arm-none-eabi/13.2.1/thumb/v7e-m+fp/hard/crtbegin.o
 .bss.uwTick    0x200000b8        0x4 cmake/stm32cubemx/CMakeFiles/STM32_Drivers.dir/__/__/Drivers/STM32G4xx_HAL_Driver/Src/stm32g4xx_hal.c.obj
                0x200000b8                uwTick
 .bss.hcom_uart
                0x200000bc       0x94 cmake/stm32cubemx/CMakeFiles/STM32_Drivers.dir/__/__/Drivers/BSP/STM32G4xx_Nucleo/stm32g4xx_nucleo.c.obj
                0x200000bc                hcom_uart
 .bss.BspCOMInit
                0x20000150       0x10 CMakeFiles/warehouse_proj.dir/Core/Src/main.c.obj
                0x20000150                BspCOMInit
 .bss.hspi1     0x20000160       0x64 CMakeFiles/warehouse_proj.dir/Core/Src/main.c.obj
                0x20000160                hspi1
 .bss.htim1     0x200001c4       0x4c CMakeFiles/warehouse_proj.dir/Core/Src/main.c.obj
                0x200001c4                htim1
 .bss.htim3     0x20000210       0x4c CMakeFiles/warehouse_proj.dir/Core/Src/main.c.obj
                0x20000210                htim3
 .bss.htim16    0x2000025c       0x4c CMakeFiles/warehouse_proj.dir/Core/Src/main.c.obj
                0x2000025c                htim16
 .bss.htim17    0x200002a8       0x4c CMakeFiles/warehouse_proj.dir/Core/Src/main.c.obj
                0x200002a8                htim17
 .bss.huart1    0x200002f4       0x94 CMakeFiles/warehouse_proj.dir/Core/Src/main.c.obj
                0x200002f4                huart1
 .bss.huart2    0x20000388       0x94 CMakeFiles/warehouse_proj.dir/Core/Src/main.c.obj
                0x20000388                huart2
 .bss.last_telemetry_time.0
                0x2000041c        0x4 CMakeFiles/warehouse_proj.dir/Core/Src/main.c.obj
 .bss.__sbrk_heap_end
                0x20000420        0x4 CMakeFiles/warehouse_proj.dir/Core/Src/sysmem.c.obj
 .bss.last_command_time
                0x20000424        0x4 CMakeFiles/warehouse_proj.dir/Core/Src/uart_control.c.obj
 .bss.sensor_test_active
                0x20000428        0x1 CMakeFiles/warehouse_proj.dir/Core/Src/uart_control.c.obj
 .bss.current_mode
                0x20000429        0x1 CMakeFiles/warehouse_proj.dir/Core/Src/uart_control.c.obj
 *fill*         0x2000042a        0x2 
 .bss.min       0x2000042c       0x10 CMakeFiles/warehouse_proj.dir/Core/Src/uart_control.c.obj
 .bss.max       0x2000043c       0x10 CMakeFiles/warehouse_proj.dir/Core/Src/uart_control.c.obj
 .bss.filtered_adc
                0x2000044c       0x10 CMakeFiles/warehouse_proj.dir/Core/Src/uart_control.c.obj
 .bss.led_blink_start_time
                0x2000045c        0x4 CMakeFiles/warehouse_proj.dir/Core/Src/uart_control.c.obj
 .bss.led_is_blinking
                0x20000460        0x1 CMakeFiles/warehouse_proj.dir/Core/Src/uart_control.c.obj
 *fill*         0x20000461        0x1 
 .bss.g_missed_deadlines
                0x20000462        0x2 CMakeFiles/warehouse_proj.dir/Core/Src/uart_control.c.obj
 .bss.last_loop_start_us
                0x20000464        0x4 CMakeFiles/warehouse_proj.dir/Core/Src/uart_control.c.obj
 .bss.robot_status
                0x20000468       0x17 CMakeFiles/warehouse_proj.dir/Core/Src/uart_control.c.obj
                0x20000468                robot_status
 *fill*         0x2000047f        0x1 
 .bss.last_print_time.2
                0x20000480        0x4 CMakeFiles/warehouse_proj.dir/Core/Src/uart_control.c.obj
 .bss.s_accum_active_us.1
                0x20000484        0x4 CMakeFiles/warehouse_proj.dir/Core/Src/uart_control.c.obj
 .bss.s_accum_total_us.0
                0x20000488        0x4 CMakeFiles/warehouse_proj.dir/Core/Src/uart_control.c.obj
 .bss.current_state
                0x2000048c        0x1 CMakeFiles/warehouse_proj.dir/Core/Src/robot.c.obj
 *fill*         0x2000048d        0x3 
 .bss.sensor_min
                0x20000490       0x10 CMakeFiles/warehouse_proj.dir/Core/Src/line_following.c.obj
                0x20000490                sensor_min
 .bss.last_loop_time.7
                0x200004a0        0x4 CMakeFiles/warehouse_proj.dir/Core/Src/line_following.c.obj
 .bss.calibrated.6
                0x200004a4        0x1 CMakeFiles/warehouse_proj.dir/Core/Src/line_following.c.obj
 *fill*         0x200004a5        0x3 
 .bss.filtered_adc.5
                0x200004a8       0x10 CMakeFiles/warehouse_proj.dir/Core/Src/line_following.c.obj
 .bss.curr_channel.4
                0x200004b8       0x20 CMakeFiles/warehouse_proj.dir/Core/Src/line_following.c.obj
 .bss.prev_channel.3
                0x200004d8       0x20 CMakeFiles/warehouse_proj.dir/Core/Src/line_following.c.obj
 .bss.intersection_cooldown.2
                0x200004f8        0x2 CMakeFiles/warehouse_proj.dir/Core/Src/line_following.c.obj
 *fill*         0x200004fa        0x2 
 .bss.last_error.1
                0x200004fc        0x4 CMakeFiles/warehouse_proj.dir/Core/Src/line_following.c.obj
 .bss.integral.0
                0x20000500        0x4 CMakeFiles/warehouse_proj.dir/Core/Src/line_following.c.obj
 .bss.last_step_tick
                0x20000504        0x4 CMakeFiles/warehouse_proj.dir/Core/Src/servo.c.obj
 .bss.last_move_tick
                0x20000508        0x4 CMakeFiles/warehouse_proj.dir/Core/Src/servo.c.obj
 .bss.pwm_active
                0x2000050c        0x1 CMakeFiles/warehouse_proj.dir/Core/Src/servo.c.obj
 .bss.auto_detach_enabled
                0x2000050d        0x1 CMakeFiles/warehouse_proj.dir/Core/Src/servo.c.obj
 *fill*         0x2000050e        0x2 
 .bss.__sf      0x20000510      0x138 C:/tools/gcc-arm-none-eabi/arm-gnu-toolchain-13.2.Rel1-mingw-w64-i686-arm-none-eabi/bin/../lib/gcc/arm-none-eabi/13.2.1/thumb/v7e-m+fp/hard\libg_nano.a(libc_a-findfp.o)
                0x20000510                __sf
 .bss.errno     0x20000648        0x4 C:/tools/gcc-arm-none-eabi/arm-gnu-toolchain-13.2.Rel1-mingw-w64-i686-arm-none-eabi/bin/../lib/gcc/arm-none-eabi/13.2.1/thumb/v7e-m+fp/hard\libg_nano.a(libc_a-reent.o)
                0x20000648                errno
 .bss.__lock___malloc_recursive_mutex
                0x2000064c        0x1 C:/tools/gcc-arm-none-eabi/arm-gnu-toolchain-13.2.Rel1-mingw-w64-i686-arm-none-eabi/bin/../lib/gcc/arm-none-eabi/13.2.1/thumb/v7e-m+fp/hard\libg_nano.a(libc_a-lock.o)
                0x2000064c                __lock___malloc_recursive_mutex
 *fill*         0x2000064d        0x3 
 .bss.__malloc_sbrk_start
                0x20000650        0x4 C:/tools/gcc-arm-none-eabi/arm-gnu-toolchain-13.2.Rel1-mingw-w64-i686-arm-none-eabi/bin/../lib/gcc/arm-none-eabi/13.2.1/thumb/v7e-m+fp/hard\libg_nano.a(libc_a-mallocr.o)
                0x20000650                __malloc_sbrk_start
 .bss.__malloc_free_list
                0x20000654        0x4 C:/tools/gcc-arm-none-eabi/arm-gnu-toolchain-13.2.Rel1-mingw-w64-i686-arm-none-eabi/bin/../lib/gcc/arm-none-eabi/13.2.1/thumb/v7e-m+fp/hard\libg_nano.a(libc_a-mallocr.o)
                0x20000654                __malloc_free_list
 *(COMMON)
                0x20000658                        . = ALIGN (0x4)
                0x20000658                        _ebss = .
                0x20000658                        __bss_end__ = _ebss
                [!provide]                        PROVIDE (__bss_end = .)
                [!provide]                        PROVIDE (__non_tls_bss_start = ADDR (.bss))
                [!provide]                        PROVIDE (__bss_start = __tbss_start)
                [!provide]                        PROVIDE (__bss_size = (__bss_end - __bss_start))

._user_heap_stack
                0x20000658      0x600 load address 0x0800988c
                0x20000658                        . = ALIGN (0x8)
                [!provide]                        PROVIDE (end = .)
                0x20000658                        PROVIDE (_end = .)
                0x20000858                        . = (. + _Min_Heap_Size)
 *fill*         0x20000658      0x200 
                0x20000c58                        . = (. + _Min_Stack_Size)
 *fill*         0x20000858      0x400 
                0x20000c58                        . = ALIGN (0x8)

/DISCARD/
 libc.a:*(*)
 libm.a:*(*)
 libgcc.a:*(*)
OUTPUT(warehouse_proj.elf elf32-littlearm)
LOAD linker stubs

.ARM.attributes
                0x00000000       0x30
 .ARM.attributes
                0x00000000       0x22 C:/tools/gcc-arm-none-eabi/arm-gnu-toolchain-13.2.Rel1-mingw-w64-i686-arm-none-eabi/bin/../lib/gcc/arm-none-eabi/13.2.1/thumb/v7e-m+fp/hard/crti.o
 .ARM.attributes
                0x00000022       0x34 C:/tools/gcc-arm-none-eabi/arm-gnu-toolchain-13.2.Rel1-mingw-w64-i686-arm-none-eabi/bin/../lib/gcc/arm-none-eabi/13.2.1/thumb/v7e-m+fp/hard/crtbegin.o
 .ARM.attributes
                0x00000056       0x34 cmake/stm32cubemx/CMakeFiles/STM32_Drivers.dir/__/__/Core/Src/system_stm32g4xx.c.obj
 .ARM.attributes
                0x0000008a       0x34 cmake/stm32cubemx/CMakeFiles/STM32_Drivers.dir/__/__/Drivers/STM32G4xx_HAL_Driver/Src/stm32g4xx_hal.c.obj
 .ARM.attributes
                0x000000be       0x34 cmake/stm32cubemx/CMakeFiles/STM32_Drivers.dir/__/__/Drivers/STM32G4xx_HAL_Driver/Src/stm32g4xx_hal_rcc.c.obj
 .ARM.attributes
                0x000000f2       0x34 cmake/stm32cubemx/CMakeFiles/STM32_Drivers.dir/__/__/Drivers/STM32G4xx_HAL_Driver/Src/stm32g4xx_hal_rcc_ex.c.obj
 .ARM.attributes
                0x00000126       0x34 cmake/stm32cubemx/CMakeFiles/STM32_Drivers.dir/__/__/Drivers/STM32G4xx_HAL_Driver/Src/stm32g4xx_hal_gpio.c.obj
 .ARM.attributes
                0x0000015a       0x34 cmake/stm32cubemx/CMakeFiles/STM32_Drivers.dir/__/__/Drivers/STM32G4xx_HAL_Driver/Src/stm32g4xx_hal_pwr_ex.c.obj
 .ARM.attributes
                0x0000018e       0x34 cmake/stm32cubemx/CMakeFiles/STM32_Drivers.dir/__/__/Drivers/STM32G4xx_HAL_Driver/Src/stm32g4xx_hal_cortex.c.obj
 .ARM.attributes
                0x000001c2       0x34 cmake/stm32cubemx/CMakeFiles/STM32_Drivers.dir/__/__/Drivers/STM32G4xx_HAL_Driver/Src/stm32g4xx_hal_spi.c.obj
 .ARM.attributes
                0x000001f6       0x34 cmake/stm32cubemx/CMakeFiles/STM32_Drivers.dir/__/__/Drivers/STM32G4xx_HAL_Driver/Src/stm32g4xx_hal_tim.c.obj
 .ARM.attributes
                0x0000022a       0x34 cmake/stm32cubemx/CMakeFiles/STM32_Drivers.dir/__/__/Drivers/STM32G4xx_HAL_Driver/Src/stm32g4xx_hal_tim_ex.c.obj
 .ARM.attributes
                0x0000025e       0x34 cmake/stm32cubemx/CMakeFiles/STM32_Drivers.dir/__/__/Drivers/STM32G4xx_HAL_Driver/Src/stm32g4xx_hal_uart.c.obj
 .ARM.attributes
                0x00000292       0x34 cmake/stm32cubemx/CMakeFiles/STM32_Drivers.dir/__/__/Drivers/STM32G4xx_HAL_Driver/Src/stm32g4xx_hal_uart_ex.c.obj
 .ARM.attributes
                0x000002c6       0x34 cmake/stm32cubemx/CMakeFiles/STM32_Drivers.dir/__/__/Drivers/BSP/STM32G4xx_Nucleo/stm32g4xx_nucleo.c.obj
 .ARM.attributes
                0x000002fa       0x34 CMakeFiles/warehouse_proj.dir/Core/Src/main.c.obj
 .ARM.attributes
                0x0000032e       0x34 CMakeFiles/warehouse_proj.dir/Core/Src/stm32g4xx_it.c.obj
 .ARM.attributes
                0x00000362       0x34 CMakeFiles/warehouse_proj.dir/Core/Src/stm32g4xx_hal_msp.c.obj
 .ARM.attributes
                0x00000396       0x34 CMakeFiles/warehouse_proj.dir/Core/Src/sysmem.c.obj
 .ARM.attributes
                0x000003ca       0x21 CMakeFiles/warehouse_proj.dir/startup_stm32g431xx.s.obj
 .ARM.attributes
                0x000003eb       0x34 CMakeFiles/warehouse_proj.dir/Core/Src/MCP3208.c.obj
 .ARM.attributes
                0x0000041f       0x34 CMakeFiles/warehouse_proj.dir/Core/Src/uart_control.c.obj
 .ARM.attributes
                0x00000453       0x34 CMakeFiles/warehouse_proj.dir/Core/Src/robot.c.obj
 .ARM.attributes
                0x00000487       0x34 CMakeFiles/warehouse_proj.dir/Core/Src/motor.c.obj
 .ARM.attributes
                0x000004bb       0x34 CMakeFiles/warehouse_proj.dir/Core/Src/line_following.c.obj
 .ARM.attributes
                0x000004ef       0x34 CMakeFiles/warehouse_proj.dir/Core/Src/servo.c.obj
 .ARM.attributes
                0x00000523       0x34 CMakeFiles/warehouse_proj.dir/Core/Src/LSM6DS3.c.obj
 .ARM.attributes
                0x00000557       0x22 C:/tools/gcc-arm-none-eabi/arm-gnu-toolchain-13.2.Rel1-mingw-w64-i686-arm-none-eabi/bin/../lib/gcc/arm-none-eabi/13.2.1/thumb/v7e-m+fp/hard\libgcc.a(_aeabi_uldivmod.o)
 .ARM.attributes
                0x00000579       0x34 C:/tools/gcc-arm-none-eabi/arm-gnu-toolchain-13.2.Rel1-mingw-w64-i686-arm-none-eabi/bin/../lib/gcc/arm-none-eabi/13.2.1/thumb/v7e-m+fp/hard\libgcc.a(_udivmoddi4.o)
 .ARM.attributes
                0x000005ad       0x22 C:/tools/gcc-arm-none-eabi/arm-gnu-toolchain-13.2.Rel1-mingw-w64-i686-arm-none-eabi/bin/../lib/gcc/arm-none-eabi/13.2.1/thumb/v7e-m+fp/hard\libgcc.a(_dvmd_tls.o)
 .ARM.attributes
                0x000005cf       0x34 C:/tools/gcc-arm-none-eabi/arm-gnu-toolchain-13.2.Rel1-mingw-w64-i686-arm-none-eabi/bin/../lib/gcc/arm-none-eabi/13.2.1/thumb/v7e-m+fp/hard\libg_nano.a(libc_a-findfp.o)
 .ARM.attributes
                0x00000603       0x34 C:/tools/gcc-arm-none-eabi/arm-gnu-toolchain-13.2.Rel1-mingw-w64-i686-arm-none-eabi/bin/../lib/gcc/arm-none-eabi/13.2.1/thumb/v7e-m+fp/hard\libg_nano.a(libc_a-snprintf.o)
 .ARM.attributes
                0x00000637       0x34 C:/tools/gcc-arm-none-eabi/arm-gnu-toolchain-13.2.Rel1-mingw-w64-i686-arm-none-eabi/bin/../lib/gcc/arm-none-eabi/13.2.1/thumb/v7e-m+fp/hard\libg_nano.a(libc_a-memset.o)
 .ARM.attributes
                0x0000066b       0x34 C:/tools/gcc-arm-none-eabi/arm-gnu-toolchain-13.2.Rel1-mingw-w64-i686-arm-none-eabi/bin/../lib/gcc/arm-none-eabi/13.2.1/thumb/v7e-m+fp/hard\libg_nano.a(libc_a-reent.o)
 .ARM.attributes
                0x0000069f       0x34 C:/tools/gcc-arm-none-eabi/arm-gnu-toolchain-13.2.Rel1-mingw-w64-i686-arm-none-eabi/bin/../lib/gcc/arm-none-eabi/13.2.1/thumb/v7e-m+fp/hard\libg_nano.a(libc_a-impure.o)
 .ARM.attributes
                0x000006d3       0x34 C:/tools/gcc-arm-none-eabi/arm-gnu-toolchain-13.2.Rel1-mingw-w64-i686-arm-none-eabi/bin/../lib/gcc/arm-none-eabi/13.2.1/thumb/v7e-m+fp/hard\libg_nano.a(libc_a-errno.o)
 .ARM.attributes
                0x00000707       0x34 C:/tools/gcc-arm-none-eabi/arm-gnu-toolchain-13.2.Rel1-mingw-w64-i686-arm-none-eabi/bin/../lib/gcc/arm-none-eabi/13.2.1/thumb/v7e-m+fp/hard\libg_nano.a(libc_a-init.o)
 .ARM.attributes
                0x0000073b       0x34 C:/tools/gcc-arm-none-eabi/arm-gnu-toolchain-13.2.Rel1-mingw-w64-i686-arm-none-eabi/bin/../lib/gcc/arm-none-eabi/13.2.1/thumb/v7e-m+fp/hard\libg_nano.a(libc_a-lock.o)
 .ARM.attributes
                0x0000076f       0x34 C:/tools/gcc-arm-none-eabi/arm-gnu-toolchain-13.2.Rel1-mingw-w64-i686-arm-none-eabi/bin/../lib/gcc/arm-none-eabi/13.2.1/thumb/v7e-m+fp/hard\libg_nano.a(libc_a-memcpy-stub.o)
 .ARM.attributes
                0x000007a3       0x17 C:/tools/gcc-arm-none-eabi/arm-gnu-toolchain-13.2.Rel1-mingw-w64-i686-arm-none-eabi/bin/../lib/gcc/arm-none-eabi/13.2.1/thumb/v7e-m+fp/hard\libg_nano.a(libc_a-strlen.o)
 .ARM.attributes
                0x000007ba       0x34 C:/tools/gcc-arm-none-eabi/arm-gnu-toolchain-13.2.Rel1-mingw-w64-i686-arm-none-eabi/bin/../lib/gcc/arm-none-eabi/13.2.1/thumb/v7e-m+fp/hard\libg_nano.a(libc_a-freer.o)
 .ARM.attributes
                0x000007ee       0x34 C:/tools/gcc-arm-none-eabi/arm-gnu-toolchain-13.2.Rel1-mingw-w64-i686-arm-none-eabi/bin/../lib/gcc/arm-none-eabi/13.2.1/thumb/v7e-m+fp/hard\libg_nano.a(libc_a-mallocr.o)
 .ARM.attributes
                0x00000822       0x34 C:/tools/gcc-arm-none-eabi/arm-gnu-toolchain-13.2.Rel1-mingw-w64-i686-arm-none-eabi/bin/../lib/gcc/arm-none-eabi/13.2.1/thumb/v7e-m+fp/hard\libg_nano.a(libc_a-mlock.o)
 .ARM.attributes
                0x00000856       0x34 C:/tools/gcc-arm-none-eabi/arm-gnu-toolchain-13.2.Rel1-mingw-w64-i686-arm-none-eabi/bin/../lib/gcc/arm-none-eabi/13.2.1/thumb/v7e-m+fp/hard\libg_nano.a(libc_a-nano-svfprintf.o)
 .ARM.attributes
                0x0000088a       0x34 C:/tools/gcc-arm-none-eabi/arm-gnu-toolchain-13.2.Rel1-mingw-w64-i686-arm-none-eabi/bin/../lib/gcc/arm-none-eabi/13.2.1/thumb/v7e-m+fp/hard\libg_nano.a(libc_a-nano-vfprintf_i.o)
 .ARM.attributes
                0x000008be       0x34 C:/tools/gcc-arm-none-eabi/arm-gnu-toolchain-13.2.Rel1-mingw-w64-i686-arm-none-eabi/bin/../lib/gcc/arm-none-eabi/13.2.1/thumb/v7e-m+fp/hard\libg_nano.a(libc_a-memmove.o)
 .ARM.attributes
                0x000008f2       0x34 C:/tools/gcc-arm-none-eabi/arm-gnu-toolchain-13.2.Rel1-mingw-w64-i686-arm-none-eabi/bin/../lib/gcc/arm-none-eabi/13.2.1/thumb/v7e-m+fp/hard\libg_nano.a(libc_a-sbrkr.o)
 .ARM.attributes
                0x00000926       0x1c C:/tools/gcc-arm-none-eabi/arm-gnu-toolchain-13.2.Rel1-mingw-w64-i686-arm-none-eabi/bin/../lib/gcc/arm-none-eabi/13.2.1/thumb/v7e-m+fp/hard\libg_nano.a(libc_a-memchr.o)
 .ARM.attributes
                0x00000942       0x34 C:/tools/gcc-arm-none-eabi/arm-gnu-toolchain-13.2.Rel1-mingw-w64-i686-arm-none-eabi/bin/../lib/gcc/arm-none-eabi/13.2.1/thumb/v7e-m+fp/hard\libg_nano.a(libc_a-reallocr.o)
 .ARM.attributes
                0x00000976       0x34 C:/tools/gcc-arm-none-eabi/arm-gnu-toolchain-13.2.Rel1-mingw-w64-i686-arm-none-eabi/bin/../lib/gcc/arm-none-eabi/13.2.1/thumb/v7e-m+fp/hard\libg_nano.a(libc_a-msizer.o)
 .ARM.attributes
                0x000009aa       0x34 C:/tools/gcc-arm-none-eabi/arm-gnu-toolchain-13.2.Rel1-mingw-w64-i686-arm-none-eabi/bin/../lib/gcc/arm-none-eabi/13.2.1/thumb/v7e-m+fp/hard/crtend.o
 .ARM.attributes
                0x000009de       0x22 C:/tools/gcc-arm-none-eabi/arm-gnu-toolchain-13.2.Rel1-mingw-w64-i686-arm-none-eabi/bin/../lib/gcc/arm-none-eabi/13.2.1/thumb/v7e-m+fp/hard/crtn.o

.comment        0x00000000       0x44
 .comment       0x00000000       0x44 cmake/stm32cubemx/CMakeFiles/STM32_Drivers.dir/__/__/Core/Src/system_stm32g4xx.c.obj
                                 0x45 (size before relaxing)
 .comment       0x00000044       0x45 cmake/stm32cubemx/CMakeFiles/STM32_Drivers.dir/__/__/Drivers/STM32G4xx_HAL_Driver/Src/stm32g4xx_hal.c.obj
 .comment       0x00000044       0x45 cmake/stm32cubemx/CMakeFiles/STM32_Drivers.dir/__/__/Drivers/STM32G4xx_HAL_Driver/Src/stm32g4xx_hal_rcc.c.obj
 .comment       0x00000044       0x45 cmake/stm32cubemx/CMakeFiles/STM32_Drivers.dir/__/__/Drivers/STM32G4xx_HAL_Driver/Src/stm32g4xx_hal_rcc_ex.c.obj
 .comment       0x00000044       0x45 cmake/stm32cubemx/CMakeFiles/STM32_Drivers.dir/__/__/Drivers/STM32G4xx_HAL_Driver/Src/stm32g4xx_hal_gpio.c.obj
 .comment       0x00000044       0x45 cmake/stm32cubemx/CMakeFiles/STM32_Drivers.dir/__/__/Drivers/STM32G4xx_HAL_Driver/Src/stm32g4xx_hal_pwr_ex.c.obj
 .comment       0x00000044       0x45 cmake/stm32cubemx/CMakeFiles/STM32_Drivers.dir/__/__/Drivers/STM32G4xx_HAL_Driver/Src/stm32g4xx_hal_cortex.c.obj
 .comment       0x00000044       0x45 cmake/stm32cubemx/CMakeFiles/STM32_Drivers.dir/__/__/Drivers/STM32G4xx_HAL_Driver/Src/stm32g4xx_hal_spi.c.obj
 .comment       0x00000044       0x45 cmake/stm32cubemx/CMakeFiles/STM32_Drivers.dir/__/__/Drivers/STM32G4xx_HAL_Driver/Src/stm32g4xx_hal_tim.c.obj
 .comment       0x00000044       0x45 cmake/stm32cubemx/CMakeFiles/STM32_Drivers.dir/__/__/Drivers/STM32G4xx_HAL_Driver/Src/stm32g4xx_hal_tim_ex.c.obj
 .comment       0x00000044       0x45 cmake/stm32cubemx/CMakeFiles/STM32_Drivers.dir/__/__/Drivers/STM32G4xx_HAL_Driver/Src/stm32g4xx_hal_uart.c.obj
 .comment       0x00000044       0x45 cmake/stm32cubemx/CMakeFiles/STM32_Drivers.dir/__/__/Drivers/STM32G4xx_HAL_Driver/Src/stm32g4xx_hal_uart_ex.c.obj
 .comment       0x00000044       0x45 cmake/stm32cubemx/CMakeFiles/STM32_Drivers.dir/__/__/Drivers/BSP/STM32G4xx_Nucleo/stm32g4xx_nucleo.c.obj
 .comment       0x00000044       0x45 CMakeFiles/warehouse_proj.dir/Core/Src/main.c.obj
 .comment       0x00000044       0x45 CMakeFiles/warehouse_proj.dir/Core/Src/stm32g4xx_it.c.obj
 .comment       0x00000044       0x45 CMakeFiles/warehouse_proj.dir/Core/Src/stm32g4xx_hal_msp.c.obj
 .comment       0x00000044       0x45 CMakeFiles/warehouse_proj.dir/Core/Src/sysmem.c.obj
 .comment       0x00000044       0x45 CMakeFiles/warehouse_proj.dir/Core/Src/MCP3208.c.obj
 .comment       0x00000044       0x45 CMakeFiles/warehouse_proj.dir/Core/Src/uart_control.c.obj
 .comment       0x00000044       0x45 CMakeFiles/warehouse_proj.dir/Core/Src/robot.c.obj
 .comment       0x00000044       0x45 CMakeFiles/warehouse_proj.dir/Core/Src/motor.c.obj
 .comment       0x00000044       0x45 CMakeFiles/warehouse_proj.dir/Core/Src/line_following.c.obj
 .comment       0x00000044       0x45 CMakeFiles/warehouse_proj.dir/Core/Src/servo.c.obj
 .comment       0x00000044       0x45 CMakeFiles/warehouse_proj.dir/Core/Src/LSM6DS3.c.obj

.debug_info     0x00000000    0x196c0
 .debug_info    0x00000000      0x58a cmake/stm32cubemx/CMakeFiles/STM32_Drivers.dir/__/__/Core/Src/system_stm32g4xx.c.obj
 .debug_info    0x0000058a      0xad7 cmake/stm32cubemx/CMakeFiles/STM32_Drivers.dir/__/__/Drivers/STM32G4xx_HAL_Driver/Src/stm32g4xx_hal.c.obj
 .debug_info    0x00001061      0xb97 cmake/stm32cubemx/CMakeFiles/STM32_Drivers.dir/__/__/Drivers/STM32G4xx_HAL_Driver/Src/stm32g4xx_hal_rcc.c.obj
 .debug_info    0x00001bf8      0xc29 cmake/stm32cubemx/CMakeFiles/STM32_Drivers.dir/__/__/Drivers/STM32G4xx_HAL_Driver/Src/stm32g4xx_hal_rcc_ex.c.obj
 .debug_info    0x00002821      0x76e cmake/stm32cubemx/CMakeFiles/STM32_Drivers.dir/__/__/Drivers/STM32G4xx_HAL_Driver/Src/stm32g4xx_hal_gpio.c.obj
 .debug_info    0x00002f8f      0x940 cmake/stm32cubemx/CMakeFiles/STM32_Drivers.dir/__/__/Drivers/STM32G4xx_HAL_Driver/Src/stm32g4xx_hal_pwr_ex.c.obj
 .debug_info    0x000038cf      0xd3b cmake/stm32cubemx/CMakeFiles/STM32_Drivers.dir/__/__/Drivers/STM32G4xx_HAL_Driver/Src/stm32g4xx_hal_cortex.c.obj
 .debug_info    0x0000460a     0x1673 cmake/stm32cubemx/CMakeFiles/STM32_Drivers.dir/__/__/Drivers/STM32G4xx_HAL_Driver/Src/stm32g4xx_hal_spi.c.obj
 .debug_info    0x00005c7d     0x2c4e cmake/stm32cubemx/CMakeFiles/STM32_Drivers.dir/__/__/Drivers/STM32G4xx_HAL_Driver/Src/stm32g4xx_hal_tim.c.obj
 .debug_info    0x000088cb     0x1d91 cmake/stm32cubemx/CMakeFiles/STM32_Drivers.dir/__/__/Drivers/STM32G4xx_HAL_Driver/Src/stm32g4xx_hal_tim_ex.c.obj
 .debug_info    0x0000a65c     0x4850 cmake/stm32cubemx/CMakeFiles/STM32_Drivers.dir/__/__/Drivers/STM32G4xx_HAL_Driver/Src/stm32g4xx_hal_uart.c.obj
 .debug_info    0x0000eeac      0xfd8 cmake/stm32cubemx/CMakeFiles/STM32_Drivers.dir/__/__/Drivers/STM32G4xx_HAL_Driver/Src/stm32g4xx_hal_uart_ex.c.obj
 .debug_info    0x0000fe84     0x114d cmake/stm32cubemx/CMakeFiles/STM32_Drivers.dir/__/__/Drivers/BSP/STM32G4xx_Nucleo/stm32g4xx_nucleo.c.obj
 .debug_info    0x00010fd1     0x1b4a CMakeFiles/warehouse_proj.dir/Core/Src/main.c.obj
 .debug_info    0x00012b1b      0x116 CMakeFiles/warehouse_proj.dir/Core/Src/stm32g4xx_it.c.obj
 .debug_info    0x00012c31     0x15d3 CMakeFiles/warehouse_proj.dir/Core/Src/stm32g4xx_hal_msp.c.obj
 .debug_info    0x00014204      0x164 CMakeFiles/warehouse_proj.dir/Core/Src/sysmem.c.obj
 .debug_info    0x00014368       0x30 CMakeFiles/warehouse_proj.dir/startup_stm32g431xx.s.obj
 .debug_info    0x00014398      0x8aa CMakeFiles/warehouse_proj.dir/Core/Src/MCP3208.c.obj
 .debug_info    0x00014c42     0x17f8 CMakeFiles/warehouse_proj.dir/Core/Src/uart_control.c.obj
 .debug_info    0x0001643a      0x314 CMakeFiles/warehouse_proj.dir/Core/Src/robot.c.obj
 .debug_info    0x0001674e      0xa23 CMakeFiles/warehouse_proj.dir/Core/Src/motor.c.obj
 .debug_info    0x00017171      0xcf6 CMakeFiles/warehouse_proj.dir/Core/Src/line_following.c.obj
 .debug_info    0x00017e67      0xa61 CMakeFiles/warehouse_proj.dir/Core/Src/servo.c.obj
 .debug_info    0x000188c8      0xdf8 CMakeFiles/warehouse_proj.dir/Core/Src/LSM6DS3.c.obj

.debug_abbrev   0x00000000     0x365c
 .debug_abbrev  0x00000000      0x118 cmake/stm32cubemx/CMakeFiles/STM32_Drivers.dir/__/__/Core/Src/system_stm32g4xx.c.obj
 .debug_abbrev  0x00000118      0x26f cmake/stm32cubemx/CMakeFiles/STM32_Drivers.dir/__/__/Drivers/STM32G4xx_HAL_Driver/Src/stm32g4xx_hal.c.obj
 .debug_abbrev  0x00000387      0x2c7 cmake/stm32cubemx/CMakeFiles/STM32_Drivers.dir/__/__/Drivers/STM32G4xx_HAL_Driver/Src/stm32g4xx_hal_rcc.c.obj
 .debug_abbrev  0x0000064e      0x25f cmake/stm32cubemx/CMakeFiles/STM32_Drivers.dir/__/__/Drivers/STM32G4xx_HAL_Driver/Src/stm32g4xx_hal_rcc_ex.c.obj
 .debug_abbrev  0x000008ad      0x1d0 cmake/stm32cubemx/CMakeFiles/STM32_Drivers.dir/__/__/Drivers/STM32G4xx_HAL_Driver/Src/stm32g4xx_hal_gpio.c.obj
 .debug_abbrev  0x00000a7d      0x22a cmake/stm32cubemx/CMakeFiles/STM32_Drivers.dir/__/__/Drivers/STM32G4xx_HAL_Driver/Src/stm32g4xx_hal_pwr_ex.c.obj
 .debug_abbrev  0x00000ca7      0x31a cmake/stm32cubemx/CMakeFiles/STM32_Drivers.dir/__/__/Drivers/STM32G4xx_HAL_Driver/Src/stm32g4xx_hal_cortex.c.obj
 .debug_abbrev  0x00000fc1      0x25b cmake/stm32cubemx/CMakeFiles/STM32_Drivers.dir/__/__/Drivers/STM32G4xx_HAL_Driver/Src/stm32g4xx_hal_spi.c.obj
 .debug_abbrev  0x0000121c      0x2a5 cmake/stm32cubemx/CMakeFiles/STM32_Drivers.dir/__/__/Drivers/STM32G4xx_HAL_Driver/Src/stm32g4xx_hal_tim.c.obj
 .debug_abbrev  0x000014c1      0x2c3 cmake/stm32cubemx/CMakeFiles/STM32_Drivers.dir/__/__/Drivers/STM32G4xx_HAL_Driver/Src/stm32g4xx_hal_tim_ex.c.obj
 .debug_abbrev  0x00001784      0x302 cmake/stm32cubemx/CMakeFiles/STM32_Drivers.dir/__/__/Drivers/STM32G4xx_HAL_Driver/Src/stm32g4xx_hal_uart.c.obj
 .debug_abbrev  0x00001a86      0x2d0 cmake/stm32cubemx/CMakeFiles/STM32_Drivers.dir/__/__/Drivers/STM32G4xx_HAL_Driver/Src/stm32g4xx_hal_uart_ex.c.obj
 .debug_abbrev  0x00001d56      0x29b cmake/stm32cubemx/CMakeFiles/STM32_Drivers.dir/__/__/Drivers/BSP/STM32G4xx_Nucleo/stm32g4xx_nucleo.c.obj
 .debug_abbrev  0x00001ff1      0x349 CMakeFiles/warehouse_proj.dir/Core/Src/main.c.obj
 .debug_abbrev  0x0000233a       0x71 CMakeFiles/warehouse_proj.dir/Core/Src/stm32g4xx_it.c.obj
 .debug_abbrev  0x000023ab      0x2a5 CMakeFiles/warehouse_proj.dir/Core/Src/stm32g4xx_hal_msp.c.obj
 .debug_abbrev  0x00002650       0xba CMakeFiles/warehouse_proj.dir/Core/Src/sysmem.c.obj
 .debug_abbrev  0x0000270a       0x24 CMakeFiles/warehouse_proj.dir/startup_stm32g431xx.s.obj
 .debug_abbrev  0x0000272e      0x1aa CMakeFiles/warehouse_proj.dir/Core/Src/MCP3208.c.obj
 .debug_abbrev  0x000028d8      0x336 CMakeFiles/warehouse_proj.dir/Core/Src/uart_control.c.obj
 .debug_abbrev  0x00002c0e      0x198 CMakeFiles/warehouse_proj.dir/Core/Src/robot.c.obj
 .debug_abbrev  0x00002da6      0x1da CMakeFiles/warehouse_proj.dir/Core/Src/motor.c.obj
 .debug_abbrev  0x00002f80      0x247 CMakeFiles/warehouse_proj.dir/Core/Src/line_following.c.obj
 .debug_abbrev  0x000031c7      0x24d CMakeFiles/warehouse_proj.dir/Core/Src/servo.c.obj
 .debug_abbrev  0x00003414      0x248 CMakeFiles/warehouse_proj.dir/Core/Src/LSM6DS3.c.obj

.debug_aranges  0x00000000     0x14c8
 .debug_aranges
                0x00000000       0x28 cmake/stm32cubemx/CMakeFiles/STM32_Drivers.dir/__/__/Core/Src/system_stm32g4xx.c.obj
 .debug_aranges
                0x00000028      0x148 cmake/stm32cubemx/CMakeFiles/STM32_Drivers.dir/__/__/Drivers/STM32G4xx_HAL_Driver/Src/stm32g4xx_hal.c.obj
 .debug_aranges
                0x00000170       0x98 cmake/stm32cubemx/CMakeFiles/STM32_Drivers.dir/__/__/Drivers/STM32G4xx_HAL_Driver/Src/stm32g4xx_hal_rcc.c.obj
 .debug_aranges
                0x00000208       0xb0 cmake/stm32cubemx/CMakeFiles/STM32_Drivers.dir/__/__/Drivers/STM32G4xx_HAL_Driver/Src/stm32g4xx_hal_rcc_ex.c.obj
 .debug_aranges
                0x000002b8       0x58 cmake/stm32cubemx/CMakeFiles/STM32_Drivers.dir/__/__/Drivers/STM32G4xx_HAL_Driver/Src/stm32g4xx_hal_gpio.c.obj
 .debug_aranges
                0x00000310      0x140 cmake/stm32cubemx/CMakeFiles/STM32_Drivers.dir/__/__/Drivers/STM32G4xx_HAL_Driver/Src/stm32g4xx_hal_pwr_ex.c.obj
 .debug_aranges
                0x00000450      0x128 cmake/stm32cubemx/CMakeFiles/STM32_Drivers.dir/__/__/Drivers/STM32G4xx_HAL_Driver/Src/stm32g4xx_hal_cortex.c.obj
 .debug_aranges
                0x00000578      0x1d8 cmake/stm32cubemx/CMakeFiles/STM32_Drivers.dir/__/__/Drivers/STM32G4xx_HAL_Driver/Src/stm32g4xx_hal_spi.c.obj
 .debug_aranges
                0x00000750      0x3e0 cmake/stm32cubemx/CMakeFiles/STM32_Drivers.dir/__/__/Drivers/STM32G4xx_HAL_Driver/Src/stm32g4xx_hal_tim.c.obj
 .debug_aranges
                0x00000b30      0x240 cmake/stm32cubemx/CMakeFiles/STM32_Drivers.dir/__/__/Drivers/STM32G4xx_HAL_Driver/Src/stm32g4xx_hal_tim_ex.c.obj
 .debug_aranges
                0x00000d70      0x248 cmake/stm32cubemx/CMakeFiles/STM32_Drivers.dir/__/__/Drivers/STM32G4xx_HAL_Driver/Src/stm32g4xx_hal_uart.c.obj
 .debug_aranges
                0x00000fb8       0xa8 cmake/stm32cubemx/CMakeFiles/STM32_Drivers.dir/__/__/Drivers/STM32G4xx_HAL_Driver/Src/stm32g4xx_hal_uart_ex.c.obj
 .debug_aranges
                0x00001060       0x98 cmake/stm32cubemx/CMakeFiles/STM32_Drivers.dir/__/__/Drivers/BSP/STM32G4xx_Nucleo/stm32g4xx_nucleo.c.obj
 .debug_aranges
                0x000010f8       0x68 CMakeFiles/warehouse_proj.dir/Core/Src/main.c.obj
 .debug_aranges
                0x00001160       0x60 CMakeFiles/warehouse_proj.dir/Core/Src/stm32g4xx_it.c.obj
 .debug_aranges
                0x000011c0       0x68 CMakeFiles/warehouse_proj.dir/Core/Src/stm32g4xx_hal_msp.c.obj
 .debug_aranges
                0x00001228       0x20 CMakeFiles/warehouse_proj.dir/Core/Src/sysmem.c.obj
 .debug_aranges
                0x00001248       0x28 CMakeFiles/warehouse_proj.dir/startup_stm32g431xx.s.obj
 .debug_aranges
                0x00001270       0x20 CMakeFiles/warehouse_proj.dir/Core/Src/MCP3208.c.obj
 .debug_aranges
                0x00001290       0xc8 CMakeFiles/warehouse_proj.dir/Core/Src/uart_control.c.obj
 .debug_aranges
                0x00001358       0x38 CMakeFiles/warehouse_proj.dir/Core/Src/robot.c.obj
 .debug_aranges
                0x00001390       0x58 CMakeFiles/warehouse_proj.dir/Core/Src/motor.c.obj
 .debug_aranges
                0x000013e8       0x30 CMakeFiles/warehouse_proj.dir/Core/Src/line_following.c.obj
 .debug_aranges
                0x00001418       0x70 CMakeFiles/warehouse_proj.dir/Core/Src/servo.c.obj
 .debug_aranges
                0x00001488       0x40 CMakeFiles/warehouse_proj.dir/Core/Src/LSM6DS3.c.obj

.debug_rnglists
                0x00000000     0x102b
 .debug_rnglists
                0x00000000       0x1a cmake/stm32cubemx/CMakeFiles/STM32_Drivers.dir/__/__/Core/Src/system_stm32g4xx.c.obj
 .debug_rnglists
                0x0000001a       0xf1 cmake/stm32cubemx/CMakeFiles/STM32_Drivers.dir/__/__/Drivers/STM32G4xx_HAL_Driver/Src/stm32g4xx_hal.c.obj
 .debug_rnglists
                0x0000010b       0x74 cmake/stm32cubemx/CMakeFiles/STM32_Drivers.dir/__/__/Drivers/STM32G4xx_HAL_Driver/Src/stm32g4xx_hal_rcc.c.obj
 .debug_rnglists
                0x0000017f       0x87 cmake/stm32cubemx/CMakeFiles/STM32_Drivers.dir/__/__/Drivers/STM32G4xx_HAL_Driver/Src/stm32g4xx_hal_rcc_ex.c.obj
 .debug_rnglists
                0x00000206       0x3f cmake/stm32cubemx/CMakeFiles/STM32_Drivers.dir/__/__/Drivers/STM32G4xx_HAL_Driver/Src/stm32g4xx_hal_gpio.c.obj
 .debug_rnglists
                0x00000245       0xf1 cmake/stm32cubemx/CMakeFiles/STM32_Drivers.dir/__/__/Drivers/STM32G4xx_HAL_Driver/Src/stm32g4xx_hal_pwr_ex.c.obj
 .debug_rnglists
                0x00000336       0xda cmake/stm32cubemx/CMakeFiles/STM32_Drivers.dir/__/__/Drivers/STM32G4xx_HAL_Driver/Src/stm32g4xx_hal_cortex.c.obj
 .debug_rnglists
                0x00000410      0x178 cmake/stm32cubemx/CMakeFiles/STM32_Drivers.dir/__/__/Drivers/STM32G4xx_HAL_Driver/Src/stm32g4xx_hal_spi.c.obj
 .debug_rnglists
                0x00000588      0x32d cmake/stm32cubemx/CMakeFiles/STM32_Drivers.dir/__/__/Drivers/STM32G4xx_HAL_Driver/Src/stm32g4xx_hal_tim.c.obj
 .debug_rnglists
                0x000008b5      0x1cc cmake/stm32cubemx/CMakeFiles/STM32_Drivers.dir/__/__/Drivers/STM32G4xx_HAL_Driver/Src/stm32g4xx_hal_tim_ex.c.obj
 .debug_rnglists
                0x00000a81      0x1f7 cmake/stm32cubemx/CMakeFiles/STM32_Drivers.dir/__/__/Drivers/STM32G4xx_HAL_Driver/Src/stm32g4xx_hal_uart.c.obj
 .debug_rnglists
                0x00000c78       0x7f cmake/stm32cubemx/CMakeFiles/STM32_Drivers.dir/__/__/Drivers/STM32G4xx_HAL_Driver/Src/stm32g4xx_hal_uart_ex.c.obj
 .debug_rnglists
                0x00000cf7       0x6e cmake/stm32cubemx/CMakeFiles/STM32_Drivers.dir/__/__/Drivers/BSP/STM32G4xx_Nucleo/stm32g4xx_nucleo.c.obj
 .debug_rnglists
                0x00000d65       0x50 CMakeFiles/warehouse_proj.dir/Core/Src/main.c.obj
 .debug_rnglists
                0x00000db5       0x43 CMakeFiles/warehouse_proj.dir/Core/Src/stm32g4xx_it.c.obj
 .debug_rnglists
                0x00000df8       0x4c CMakeFiles/warehouse_proj.dir/Core/Src/stm32g4xx_hal_msp.c.obj
 .debug_rnglists
                0x00000e44       0x13 CMakeFiles/warehouse_proj.dir/Core/Src/sysmem.c.obj
 .debug_rnglists
                0x00000e57       0x19 CMakeFiles/warehouse_proj.dir/startup_stm32g431xx.s.obj
 .debug_rnglists
                0x00000e70       0x14 CMakeFiles/warehouse_proj.dir/Core/Src/MCP3208.c.obj
 .debug_rnglists
                0x00000e84       0xa4 CMakeFiles/warehouse_proj.dir/Core/Src/uart_control.c.obj
 .debug_rnglists
                0x00000f28       0x26 CMakeFiles/warehouse_proj.dir/Core/Src/robot.c.obj
 .debug_rnglists
                0x00000f4e       0x3f CMakeFiles/warehouse_proj.dir/Core/Src/motor.c.obj
 .debug_rnglists
                0x00000f8d       0x21 CMakeFiles/warehouse_proj.dir/Core/Src/line_following.c.obj
 .debug_rnglists
                0x00000fae       0x51 CMakeFiles/warehouse_proj.dir/Core/Src/servo.c.obj
 .debug_rnglists
                0x00000fff       0x2c CMakeFiles/warehouse_proj.dir/Core/Src/LSM6DS3.c.obj

.debug_line     0x00000000    0x12276
 .debug_line    0x00000000      0x2ba cmake/stm32cubemx/CMakeFiles/STM32_Drivers.dir/__/__/Core/Src/system_stm32g4xx.c.obj
 .debug_line    0x000002ba      0x713 cmake/stm32cubemx/CMakeFiles/STM32_Drivers.dir/__/__/Drivers/STM32G4xx_HAL_Driver/Src/stm32g4xx_hal.c.obj
 .debug_line    0x000009cd      0xb6e cmake/stm32cubemx/CMakeFiles/STM32_Drivers.dir/__/__/Drivers/STM32G4xx_HAL_Driver/Src/stm32g4xx_hal_rcc.c.obj
 .debug_line    0x0000153b      0xcb6 cmake/stm32cubemx/CMakeFiles/STM32_Drivers.dir/__/__/Drivers/STM32G4xx_HAL_Driver/Src/stm32g4xx_hal_rcc_ex.c.obj
 .debug_line    0x000021f1      0x688 cmake/stm32cubemx/CMakeFiles/STM32_Drivers.dir/__/__/Drivers/STM32G4xx_HAL_Driver/Src/stm32g4xx_hal_gpio.c.obj
 .debug_line    0x00002879      0x876 cmake/stm32cubemx/CMakeFiles/STM32_Drivers.dir/__/__/Drivers/STM32G4xx_HAL_Driver/Src/stm32g4xx_hal_pwr_ex.c.obj
 .debug_line    0x000030ef      0x847 cmake/stm32cubemx/CMakeFiles/STM32_Drivers.dir/__/__/Drivers/STM32G4xx_HAL_Driver/Src/stm32g4xx_hal_cortex.c.obj
 .debug_line    0x00003936     0x1b98 cmake/stm32cubemx/CMakeFiles/STM32_Drivers.dir/__/__/Drivers/STM32G4xx_HAL_Driver/Src/stm32g4xx_hal_spi.c.obj
 .debug_line    0x000054ce     0x3ad0 cmake/stm32cubemx/CMakeFiles/STM32_Drivers.dir/__/__/Drivers/STM32G4xx_HAL_Driver/Src/stm32g4xx_hal_tim.c.obj
 .debug_line    0x00008f9e     0x1b35 cmake/stm32cubemx/CMakeFiles/STM32_Drivers.dir/__/__/Drivers/STM32G4xx_HAL_Driver/Src/stm32g4xx_hal_tim_ex.c.obj
 .debug_line    0x0000aad3     0x318d cmake/stm32cubemx/CMakeFiles/STM32_Drivers.dir/__/__/Drivers/STM32G4xx_HAL_Driver/Src/stm32g4xx_hal_uart.c.obj
 .debug_line    0x0000dc60      0x872 cmake/stm32cubemx/CMakeFiles/STM32_Drivers.dir/__/__/Drivers/STM32G4xx_HAL_Driver/Src/stm32g4xx_hal_uart_ex.c.obj
 .debug_line    0x0000e4d2      0x50d cmake/stm32cubemx/CMakeFiles/STM32_Drivers.dir/__/__/Drivers/BSP/STM32G4xx_Nucleo/stm32g4xx_nucleo.c.obj
 .debug_line    0x0000e9df      0x7ff CMakeFiles/warehouse_proj.dir/Core/Src/main.c.obj
 .debug_line    0x0000f1de      0x176 CMakeFiles/warehouse_proj.dir/Core/Src/stm32g4xx_it.c.obj
 .debug_line    0x0000f354      0x4f6 CMakeFiles/warehouse_proj.dir/Core/Src/stm32g4xx_hal_msp.c.obj
 .debug_line    0x0000f84a      0x22e CMakeFiles/warehouse_proj.dir/Core/Src/sysmem.c.obj
 .debug_line    0x0000fa78       0x7b CMakeFiles/warehouse_proj.dir/startup_stm32g431xx.s.obj
 .debug_line    0x0000faf3      0x2d2 CMakeFiles/warehouse_proj.dir/Core/Src/MCP3208.c.obj
 .debug_line    0x0000fdc5      0xe79 CMakeFiles/warehouse_proj.dir/Core/Src/uart_control.c.obj